Archive member included to satisfy reference by file (symbol)

app/libapp.a(sample_usbd_init.c.obj)
                              (--whole-archive)
app/libapp.a(main.c.obj)      (--whole-archive)
app/libapp.a(accelerometer.c.obj)
                              (--whole-archive)
app/libapp.a(gpio_handler.c.obj)
                              (--whole-archive)
app/libapp.a(usb_dev.c.obj)   (--whole-archive)
zephyr/libzephyr.a(heap.c.obj)
                              (--whole-archive)
zephyr/libzephyr.a(cbprintf_packaged.c.obj)
                              (--whole-archive)
zephyr/libzephyr.a(printk.c.obj)
                              (--whole-archive)
zephyr/libzephyr.a(sem.c.obj)
                              (--whole-archive)
zephyr/libzephyr.a(thread_entry.c.obj)
                              (--whole-archive)
zephyr/libzephyr.a(cbprintf_complete.c.obj)
                              (--whole-archive)
zephyr/libzephyr.a(assert.c.obj)
                              (--whole-archive)
zephyr/libzephyr.a(mpsc_pbuf.c.obj)
                              (--whole-archive)
zephyr/libzephyr.a(reboot.c.obj)
                              (--whole-archive)
zephyr/libzephyr.a(dec.c.obj)
                              (--whole-archive)
zephyr/libzephyr.a(hex.c.obj)
                              (--whole-archive)
zephyr/libzephyr.a(rb.c.obj)  (--whole-archive)
zephyr/libzephyr.a(timeutil.c.obj)
                              (--whole-archive)
zephyr/libzephyr.a(bitarray.c.obj)
                              (--whole-archive)
zephyr/libzephyr.a(ring_buffer.c.obj)
                              (--whole-archive)
zephyr/libzephyr.a(configs.c.obj)
                              (--whole-archive)
zephyr/libzephyr.a(stm32cube_hal.c.obj)
                              (--whole-archive)
zephyr/libzephyr.a(soc_config.c.obj)
                              (--whole-archive)
zephyr/libzephyr.a(soc.c.obj)
                              (--whole-archive)
zephyr/libzephyr.a(log_core.c.obj)
                              (--whole-archive)
zephyr/libzephyr.a(log_mgmt.c.obj)
                              (--whole-archive)
zephyr/libzephyr.a(log_cache.c.obj)
                              (--whole-archive)
zephyr/libzephyr.a(log_msg.c.obj)
                              (--whole-archive)
zephyr/libzephyr.a(log_output.c.obj)
                              (--whole-archive)
zephyr/libzephyr.a(log_backend_uart.c.obj)
                              (--whole-archive)
zephyr/libzephyr.a(mem_attr.c.obj)
                              (--whole-archive)
zephyr/libzephyr.a(tracing_none.c.obj)
                              (--whole-archive)
zephyr/arch/common/libarch__common.a(sw_isr_common.c.obj)
                              (--whole-archive)
zephyr/arch/arch/arm/core/libarch__arm__core.a(fatal.c.obj)
                              (--whole-archive)
zephyr/arch/arch/arm/core/libarch__arm__core.a(nmi.c.obj)
                              (--whole-archive)
zephyr/arch/arch/arm/core/libarch__arm__core.a(nmi_on_reset.S.obj)
                              (--whole-archive)
zephyr/arch/arch/arm/core/libarch__arm__core.a(tls.c.obj)
                              (--whole-archive)
zephyr/arch/arch/arm/core/cortex_m/libarch__arm__core__cortex_m.a(exc_exit.c.obj)
                              (--whole-archive)
zephyr/arch/arch/arm/core/cortex_m/libarch__arm__core__cortex_m.a(fault.c.obj)
                              (--whole-archive)
zephyr/arch/arch/arm/core/cortex_m/libarch__arm__core__cortex_m.a(fault_s.S.obj)
                              (--whole-archive)
zephyr/arch/arch/arm/core/cortex_m/libarch__arm__core__cortex_m.a(fpu.c.obj)
                              (--whole-archive)
zephyr/arch/arch/arm/core/cortex_m/libarch__arm__core__cortex_m.a(reset.S.obj)
                              (--whole-archive)
zephyr/arch/arch/arm/core/cortex_m/libarch__arm__core__cortex_m.a(scb.c.obj)
                              (--whole-archive)
zephyr/arch/arch/arm/core/cortex_m/libarch__arm__core__cortex_m.a(thread_abort.c.obj)
                              (--whole-archive)
zephyr/arch/arch/arm/core/cortex_m/libarch__arm__core__cortex_m.a(vector_table.S.obj)
                              (--whole-archive)
zephyr/arch/arch/arm/core/cortex_m/libarch__arm__core__cortex_m.a(swap_helper.S.obj)
                              (--whole-archive)
zephyr/arch/arch/arm/core/cortex_m/libarch__arm__core__cortex_m.a(irq_manage.c.obj)
                              (--whole-archive)
zephyr/arch/arch/arm/core/cortex_m/libarch__arm__core__cortex_m.a(prep_c.c.obj)
                              (--whole-archive)
zephyr/arch/arch/arm/core/cortex_m/libarch__arm__core__cortex_m.a(thread.c.obj)
                              (--whole-archive)
zephyr/arch/arch/arm/core/cortex_m/libarch__arm__core__cortex_m.a(cpu_idle.c.obj)
                              (--whole-archive)
[...]
Memory Configuration

Name             Origin             Length             Attributes
FLASH            0x0000000008000000 0x0000000000040000 xr
RAM              0x0000000020000000 0x000000000000a000 xw
CCM              0x0000000010000000 0x0000000000002000 rw
IDT_LIST         0x00000000ffff7fff 0x0000000000008000 xw
*default*        0x0000000000000000 0xffffffffffffffff

Linker script and memory map

                0x000000000800aa6c                vfprintf = __d_vfprintf
                0x0000000000000000                vfscanf = __d_vfscanf
LOAD zephyr/CMakeFiles/zephyr_pre0.dir/misc/empty_file.c.obj
LOAD zephyr/CMakeFiles/offsets.dir/./arch/arm/core/offsets/offsets.c.obj
LOAD app/libapp.a
LOAD zephyr/libzephyr.a
LOAD zephyr/arch/common/libarch__common.a
LOAD zephyr/arch/arch/arm/core/libarch__arm__core.a
LOAD zephyr/arch/arch/arm/core/cortex_m/libarch__arm__core__cortex_m.a
LOAD zephyr/arch/arch/arm/core/mpu/libarch__arm__core__mpu.a
LOAD zephyr/lib/libc/picolibc/liblib__libc__picolibc.a
LOAD zephyr/lib/libc/common/liblib__libc__common.a
LOAD zephyr/lib/net_buf/liblib__net_buf.a
LOAD zephyr/subsys/usb/device_next/libsubsys__usb__device_next.a
LOAD zephyr/subsys/input/libsubsys__input.a
LOAD zephyr/drivers/interrupt_controller/libdrivers__interrupt_controller.a
LOAD zephyr/drivers/usb/udc/libdrivers__usb__udc.a
LOAD zephyr/drivers/adc/libdrivers__adc.a
LOAD zephyr/drivers/clock_control/libdrivers__clock_control.a
LOAD zephyr/drivers/console/libdrivers__console.a
LOAD zephyr/drivers/gpio/libdrivers__gpio.a
LOAD zephyr/drivers/hwinfo/libdrivers__hwinfo.a
LOAD zephyr/drivers/i2c/libdrivers__i2c.a
LOAD zephyr/drivers/input/libdrivers__input.a
LOAD zephyr/drivers/pinctrl/libdrivers__pinctrl.a
LOAD zephyr/drivers/reset/libdrivers__reset.a
LOAD zephyr/drivers/sensor/st/lis2dh/libdrivers__sensor__st__lis2dh.a
LOAD zephyr/drivers/sensor/st/lsm303dlhc_magn/libdrivers__sensor__st__lsm303dlhc_magn.a
LOAD zephyr/drivers/sensor/st/stm32_temp/libdrivers__sensor__st__stm32_temp.a
LOAD zephyr/drivers/sensor/st/stm32_vbat/libdrivers__sensor__st__stm32_vbat.a
LOAD zephyr/drivers/sensor/st/stm32_vref/libdrivers__sensor__st__stm32_vref.a
LOAD zephyr/drivers/serial/libdrivers__serial.a
LOAD zephyr/drivers/timer/libdrivers__timer.a
LOAD modules/hal_stm32/stm32cube/lib..__modules__hal__stm32__stm32cube.a
LOAD zephyr/kernel/libkernel.a
LOAD zephyr/arch/common/libisr_tables.a
LOAD c:\users\walid\zephyr-sdk-0.16.8\arm-zephyr-eabi\bin\../lib/gcc/../../picolibc/arm-zephyr-eabi/lib/thumb/v7e-m/nofp\libc.a
LOAD c:/users/walid/zephyr-sdk-0.16.8/arm-zephyr-eabi/bin/../lib/gcc/arm-zephyr-eabi/12.2.0/thumb/v7e-m/nofp\libgcc.a
                0x0000000000000020                _region_min_align = 0x20

.rel.plt        0x0000000008000000        0x0
 *(SORT_BY_ALIGNMENT(.rel.plt))
                [!provide]                        PROVIDE (__rel_iplt_start = .)
 *(SORT_BY_ALIGNMENT(.rel.iplt))
 .rel.iplt      0x0000000008000000        0x0 app/libapp.a(sample_usbd_init.c.obj)
                [!provide]                        PROVIDE (__rel_iplt_end = .)

.rela.plt       0x0000000000000000        0x0
 *(SORT_BY_ALIGNMENT(.rela.plt))
                [!provide]                        PROVIDE (__rela_iplt_start = .)
 *(SORT_BY_ALIGNMENT(.rela.iplt))
                [!provide]                        PROVIDE (__rela_iplt_end = .)

.rel.dyn
 *(SORT_BY_ALIGNMENT(.rel.*))

.rela.dyn
 *(SORT_BY_ALIGNMENT(.rela.*))

/DISCARD/
 *(SORT_BY_ALIGNMENT(.plt))

/DISCARD/
 *(SORT_BY_ALIGNMENT(.iplt))
                0x0000000008000000                __rom_region_start = 0x8000000

rom_start       0x0000000008000000      0x188
                0x0000000008000000                __rom_start_address = .
 FILL mask 0x00
                0x0000000008000000                . = (. + (0x0 - (. - __rom_start_address)))
                0x0000000008000000                . = ALIGN (0x4)
                0x0000000008000000                . = ALIGN (0x80)
                0x0000000008000000                . = ALIGN (0x200)
                0x0000000008000000                _vector_start = .
 *(SORT_BY_ALIGNMENT(.exc_vector_table))
 *(SORT_BY_ALIGNMENT(.exc_vector_table.*))
 .exc_vector_table._vector_table_section
                0x0000000008000000       0x40 zephyr/arch/arch/arm/core/cortex_m/libarch__arm__core__cortex_m.a(vector_table.S.obj)
                0x0000000008000000                _vector_table
 *(SORT_BY_ALIGNMENT(.vectors))
                0x0000000008000188                _vector_end = .
                0x0000000008000040                . = ALIGN (0x4)
 *(SORT_BY_ALIGNMENT(.gnu.linkonce.irq_vector_table*))
 .gnu.linkonce.irq_vector_table
                0x0000000008000040      0x148 zephyr/arch/common/libisr_tables.a(isr_tables.c.obj)
                0x0000000008000040                _irq_vector_table
                0x0000000008000188                _vector_end = .

text            0x0000000008000188    0x10840
                0x0000000008000188                __text_region_start = .
 *(SORT_BY_ALIGNMENT(.text))
 .text          0x0000000008000188      0x21c c:/users/walid/zephyr-sdk-0.16.8/arm-zephyr-eabi/bin/../lib/gcc/arm-zephyr-eabi/12.2.0/thumb/v7e-m/nofp\libgcc.a(_arm_addsubsf3.o)
                0x0000000008000188                __aeabi_frsub
                0x0000000008000190                __subsf3
                0x0000000008000190                __aeabi_fsub
                0x0000000008000194                __aeabi_fadd
                0x0000000008000194                __addsf3
                0x00000000080002f4                __aeabi_ui2f
                0x00000000080002f4                __floatunsisf
                0x00000000080002fc                __aeabi_i2f
                0x00000000080002fc                __floatsisf
                0x0000000008000318                __aeabi_ul2f
                0x0000000008000318                __floatundisf
                0x0000000008000328                __aeabi_l2f
                0x0000000008000328                __floatdisf
 .text          0x00000000080003a4      0x2a0 c:/users/walid/zephyr-sdk-0.16.8/arm-zephyr-eabi/bin/../lib/gcc/arm-zephyr-eabi/12.2.0/thumb/v7e-m/nofp\libgcc.a(_arm_muldivsf3.o)
                0x00000000080003a4                __mulsf3
                0x00000000080003a4                __aeabi_fmul
                0x000000000800050c                __aeabi_fdiv
                0x000000000800050c                __divsf3
 .text          0x0000000008000644       0xec c:/users/walid/zephyr-sdk-0.16.8/arm-zephyr-eabi/bin/../lib/gcc/arm-zephyr-eabi/12.2.0/thumb/v7e-m/nofp\libgcc.a(_arm_cmpsf2.o)
                0x0000000008000644                __gesf2
                0x0000000008000644                __gtsf2
                0x000000000800064c                __lesf2
                0x000000000800064c                __ltsf2
                0x0000000008000654                __nesf2
                0x0000000008000654                __eqsf2
                0x0000000008000654                __cmpsf2
                0x00000000080006b4                __aeabi_cfrcmple
                0x00000000080006bc                __aeabi_cfcmpeq
                0x00000000080006bc                __aeabi_cfcmple
                0x00000000080006cc                __aeabi_fcmpeq
                0x00000000080006e0                __aeabi_fcmplt
                0x00000000080006f4                __aeabi_fcmple
                0x0000000008000708                __aeabi_fcmpge
                0x000000000800071c                __aeabi_fcmpgt
 .text          0x0000000008000730       0x4c c:/users/walid/zephyr-sdk-0.16.8/arm-zephyr-eabi/bin/../lib/gcc/arm-zephyr-eabi/12.2.0/thumb/v7e-m/nofp\libgcc.a(_arm_fixsfsi.o)
                0x0000000008000730                __aeabi_f2iz
                0x0000000008000730                __fixsfsi
 .text          0x000000000800077c       0xa0 c:/users/walid/zephyr-sdk-0.16.8/arm-zephyr-eabi/bin/../lib/gcc/arm-zephyr-eabi/12.2.0/thumb/v7e-m/nofp\libgcc.a(_aeabi_ldivmod.o)
                0x000000000800077c                __aeabi_ldivmod
 .text          0x000000000800081c       0x30 c:/users/walid/zephyr-sdk-0.16.8/arm-zephyr-eabi/bin/../lib/gcc/arm-zephyr-eabi/12.2.0/thumb/v7e-m/nofp\libgcc.a(_aeabi_uldivmod.o)
                0x000000000800081c                __aeabi_uldivmod
 .text          0x000000000800084c        0x4 c:/users/walid/zephyr-sdk-0.16.8/arm-zephyr-eabi/bin/../lib/gcc/arm-zephyr-eabi/12.2.0/thumb/v7e-m/nofp\libgcc.a(_dvmd_tls.o)
                0x000000000800084c                __aeabi_idiv0
                0x000000000800084c                __aeabi_ldiv0
 .text          0x0000000008000850       0x14 c:\users\walid\zephyr-sdk-0.16.8\arm-zephyr-eabi\bin\../lib/gcc/../../picolibc/arm-zephyr-eabi/lib/thumb/v7e-m/nofp\libc.a(strcmp.S.o)
                0x0000000008000850                strcmp
 .text          0x0000000008000864       0x10 c:\users\walid\zephyr-sdk-0.16.8\arm-zephyr-eabi\bin\../lib/gcc/../../picolibc/arm-zephyr-eabi/lib/thumb/v7e-m/nofp\libc.a(strlen.S.o)
                0x0000000008000864                strlen
 .text          0x0000000008000874       0x26 c:/users/walid/zephyr-sdk-0.16.8/arm-zephyr-eabi/bin/../lib/gcc/arm-zephyr-eabi/12.2.0/thumb/v7e-m/nofp\libgcc.a(_popcountsi2.o)
                0x0000000008000874                __popcountsi2
 .text          0x000000000800089a      0x2a0 c:/users/walid/zephyr-sdk-0.16.8/arm-zephyr-eabi/bin/../lib/gcc/arm-zephyr-eabi/12.2.0/thumb/v7e-m/nofp\libgcc.a(_udivmoddi4.o)
                0x000000000800089a                __udivmoddi4
 *(SORT_BY_ALIGNMENT(.text.*))
 *fill*         0x0000000008000b3a        0x6 
 .text.lis2dh_attr_set
                0x0000000008000b40       0xf0 zephyr/drivers/sensor/st/lis2dh/libdrivers__sensor__st__lis2dh.a(lis2dh.c.obj)
 .text.sample_usbd_setup_device
                0x0000000008000c30      0x114 app/libapp.a(sample_usbd_init.c.obj)
                0x0000000008000c30                sample_usbd_setup_device
 .text.sample_usbd_init_device
                0x0000000008000d44       0x30 app/libapp.a(sample_usbd_init.c.obj)
                0x0000000008000d44                sample_usbd_init_device
 .text.main     0x0000000008000d74       0x84 app/libapp.a(main.c.obj)
                0x0000000008000d74                main
 .text.accel_tap_handler.part.0
                0x0000000008000df8       0x14 app/libapp.a(accelerometer.c.obj)
 .text.accel_tap_handler
                0x0000000008000e0c       0x28 app/libapp.a(accelerometer.c.obj)
 .text.accel_drdy_handler
                0x0000000008000e34       0x74 app/libapp.a(accelerometer.c.obj)
 .text.tap_duration
                0x0000000008000ea8       0x2c app/libapp.a(accelerometer.c.obj)
                0x0000000008000ea8                tap_duration
 .text.accelerometer_init
                0x0000000008000ed4      0x130 app/libapp.a(accelerometer.c.obj)
                0x0000000008000ed4                accelerometer_init
 .text.sw_fn    0x0000000008001004       0x18 app/libapp.a(gpio_handler.c.obj)
 .text.gpio_init
                0x000000000800101c      0x108 app/libapp.a(gpio_handler.c.obj)
                0x000000000800101c                gpio_init
 .text.input_cb.part.0
                0x0000000008001124       0x14 app/libapp.a(usb_dev.c.obj)
 .text.hid_get_report
                0x0000000008001138       0x20 app/libapp.a(usb_dev.c.obj)
 .text.input_cb
                0x0000000008001158       0x20 app/libapp.a(usb_dev.c.obj)
 .text.hid_iface_ready
                0x0000000008001178       0x50 app/libapp.a(usb_dev.c.obj)
 .text.msg_cb   0x00000000080011c8       0xa8 app/libapp.a(usb_dev.c.obj)
 .text.hid_set_report.part.0
                0x0000000008001270       0x1c app/libapp.a(usb_dev.c.obj)
 .text.kb_fn    0x000000000800128c       0x98 app/libapp.a(usb_dev.c.obj)
                0x000000000800128c                kb_fn
 .text.mouse_fn
                0x0000000008001324       0x80 app/libapp.a(usb_dev.c.obj)
                0x0000000008001324                mouse_fn
 .text.usb_dev_write
                0x00000000080013a4       0x40 app/libapp.a(usb_dev.c.obj)
                0x00000000080013a4                usb_dev_write
 .text.usb_dev_init
                0x00000000080013e4       0xbc app/libapp.a(usb_dev.c.obj)
                0x00000000080013e4                usb_dev_init
 .text.cbvprintf_package
                0x00000000080014a0      0x3a4 zephyr/libzephyr.a(cbprintf_packaged.c.obj)
                0x00000000080014a0                cbvprintf_package
 .text.cbprintf_package_convert
                0x0000000008001844      0x3cc zephyr/libzephyr.a(cbprintf_packaged.c.obj)
                0x0000000008001844                cbprintf_package_convert
 .text.__printk_hook_install
                0x0000000008001c10        0xc zephyr/libzephyr.a(printk.c.obj)
                0x0000000008001c10                __printk_hook_install
 .text.z_thread_entry
                0x0000000008001c1c       0x34 zephyr/libzephyr.a(thread_entry.c.obj)
                0x0000000008001c1c                z_thread_entry
 .text.st_stm32_common_config
                0x0000000008001c50       0x14 zephyr/libzephyr.a(soc_config.c.obj)
 .text.soc_early_init_hook
                0x0000000008001c64       0x2c zephyr/libzephyr.a(soc.c.obj)
                0x0000000008001c64                soc_early_init_hook
 .text.activate_foreach_backend
                0x0000000008001c90       0x64 zephyr/libzephyr.a(log_core.c.obj)
 .text.enable_logger
                0x0000000008001cf4       0x5c zephyr/libzephyr.a(log_core.c.obj)
 .text.log_process_thread_timer_expiry_fn
                0x0000000008001d50        0xc zephyr/libzephyr.a(log_core.c.obj)
 .text.z_log_init
                0x0000000008001d5c       0x8c zephyr/libzephyr.a(log_core.c.obj)
 .text.log_format_func_t_get
                0x0000000008001de8        0xc zephyr/libzephyr.a(log_core.c.obj)
                0x0000000008001de8                log_format_func_t_get
 .text.log_set_timestamp_func
                0x0000000008001df4       0x20 zephyr/libzephyr.a(log_core.c.obj)
                0x0000000008001df4                log_set_timestamp_func
 .text.z_log_notify_backend_enabled
                0x0000000008001e14       0x1c zephyr/libzephyr.a(log_core.c.obj)
                0x0000000008001e14                z_log_notify_backend_enabled
 .text.z_log_dropped
                0x0000000008001e30       0x44 zephyr/libzephyr.a(log_core.c.obj)
                0x0000000008001e30                z_log_dropped
 .text.z_log_dropped_read_and_clear
                0x0000000008001e74       0x20 zephyr/libzephyr.a(log_core.c.obj)
                0x0000000008001e74                z_log_dropped_read_and_clear
 .text.dropped_notify
                0x0000000008001e94       0x30 zephyr/libzephyr.a(log_core.c.obj)
                0x0000000008001e94                dropped_notify
 .text.z_log_msg_init
                0x0000000008001ec4       0x20 zephyr/libzephyr.a(log_core.c.obj)
                0x0000000008001ec4                z_log_msg_init
 .text.log_core_init
                0x0000000008001ee4       0x34 zephyr/libzephyr.a(log_core.c.obj)
                0x0000000008001ee4                log_core_init
 .text.z_log_msg_alloc
                0x0000000008001f18       0x10 zephyr/libzephyr.a(log_core.c.obj)
                0x0000000008001f18                z_log_msg_alloc
 .text.z_log_msg_local_claim
                0x0000000008001f28        0xc zephyr/libzephyr.a(log_core.c.obj)
                0x0000000008001f28                z_log_msg_local_claim
 .text.z_log_msg_free
                0x0000000008001f34       0x10 zephyr/libzephyr.a(log_core.c.obj)
                0x0000000008001f34                z_log_msg_free
 .text.z_log_msg_pending
                0x0000000008001f44        0xc zephyr/libzephyr.a(log_core.c.obj)
                0x0000000008001f44                z_log_msg_pending
 .text.z_impl_log_process
                0x0000000008001f50       0xb0 zephyr/libzephyr.a(log_core.c.obj)
                0x0000000008001f50                z_impl_log_process
 .text.z_impl_log_panic
                0x0000000008002000       0x44 zephyr/libzephyr.a(log_core.c.obj)
                0x0000000008002000                z_impl_log_panic
 .text.log_process_thread_func
                0x0000000008002044       0xa4 zephyr/libzephyr.a(log_core.c.obj)
 .text.z_log_msg_post_finalize
                0x00000000080020e8       0x78 zephyr/libzephyr.a(log_core.c.obj)
 .text.z_log_msg_commit
                0x0000000008002160       0x24 zephyr/libzephyr.a(log_core.c.obj)
                0x0000000008002160                z_log_msg_commit
 .text.log_source_name_get
                0x0000000008002184       0x1c zephyr/libzephyr.a(log_mgmt.c.obj)
                0x0000000008002184                log_source_name_get
 .text.log_backend_enable
                0x00000000080021a0       0x28 zephyr/libzephyr.a(log_mgmt.c.obj)
                0x00000000080021a0                log_backend_enable
 .text.z_impl_z_log_msg_static_create
                0x00000000080021c8      0x108 zephyr/libzephyr.a(log_msg.c.obj)
                0x00000000080021c8                z_impl_z_log_msg_static_create
 .text.z_log_msg_runtime_vcreate
                0x00000000080022d0       0xa0 zephyr/libzephyr.a(log_msg.c.obj)
                0x00000000080022d0                z_log_msg_runtime_vcreate
 .text.log_msg_get_source_id
                0x0000000008002370       0x18 zephyr/libzephyr.a(log_msg.c.obj)
                0x0000000008002370                log_msg_get_source_id
 .text.print_formatted
                0x0000000008002388       0x24 zephyr/libzephyr.a(log_output.c.obj)
 .text.newline_print
                0x00000000080023ac       0x1c zephyr/libzephyr.a(log_output.c.obj)
 .text.log_output_process
                0x00000000080023c8      0x2d4 zephyr/libzephyr.a(log_output.c.obj)
                0x00000000080023c8                log_output_process
 .text.log_output_dropped_process
                0x000000000800269c       0x58 zephyr/libzephyr.a(log_output.c.obj)
                0x000000000800269c                log_output_dropped_process
 .text.log_output_timestamp_freq_set
                0x00000000080026f4       0x2c zephyr/libzephyr.a(log_output.c.obj)
                0x00000000080026f4                log_output_timestamp_freq_set
 .text.char_out
                0x0000000008002720       0x24 zephyr/libzephyr.a(log_backend_uart.c.obj)
 .text.mem_attr_get_regions
                0x0000000008002744        0xc zephyr/libzephyr.a(mem_attr.c.obj)
                0x0000000008002744                mem_attr_get_regions
 .text.z_arm_fatal_error
                0x0000000008002750       0xb8 zephyr/arch/arch/arm/core/libarch__arm__core.a(fatal.c.obj)
                0x0000000008002750                z_arm_fatal_error
 .text.z_arm_nmi
                0x0000000008002808       0x14 zephyr/arch/arch/arm/core/libarch__arm__core.a(nmi.c.obj)
                0x0000000008002808                z_arm_nmi
 .text.z_SysNmiOnReset
                0x000000000800281c        0x8 zephyr/arch/arch/arm/core/libarch__arm__core.a(nmi_on_reset.S.obj)
                0x000000000800281c                z_SysNmiOnReset
 .text.arch_tls_stack_setup
                0x0000000008002824       0x40 zephyr/arch/arch/arm/core/libarch__arm__core.a(tls.c.obj)
                0x0000000008002824                arch_tls_stack_setup
 .text._HandlerModeExit
                0x0000000008002864       0x28 zephyr/arch/arch/arm/core/cortex_m/libarch__arm__core__cortex_m.a(exc_exit.c.obj)
                0x0000000008002864                z_arm_int_exit
                0x0000000008002864                z_arm_exc_exit
 .text.bus_fault.constprop.0
                0x000000000800288c       0xd0 zephyr/arch/arch/arm/core/cortex_m/libarch__arm__core__cortex_m.a(fault.c.obj)
 .text.usage_fault.constprop.0
                0x000000000800295c       0xa8 zephyr/arch/arch/arm/core/cortex_m/libarch__arm__core__cortex_m.a(fault.c.obj)
 .text.mem_manage_fault
                0x0000000008002a04      0x104 zephyr/arch/arch/arm/core/cortex_m/libarch__arm__core__cortex_m.a(fault.c.obj)
 .text.z_arm_fault
                0x0000000008002b08      0x1d4 zephyr/arch/arch/arm/core/cortex_m/libarch__arm__core__cortex_m.a(fault.c.obj)
                0x0000000008002b08                z_arm_fault
 .text.z_arm_fault_init
                0x0000000008002cdc       0x18 zephyr/arch/arch/arm/core/cortex_m/libarch__arm__core__cortex_m.a(fault.c.obj)
                0x0000000008002cdc                z_arm_fault_init
 .text.__fault  0x0000000008002cf4       0x14 zephyr/arch/arch/arm/core/cortex_m/libarch__arm__core__cortex_m.a(fault_s.S.obj)
                0x0000000008002cf4                z_arm_usage_fault
                0x0000000008002cf4                z_arm_mpu_fault
                0x0000000008002cf4                z_arm_exc_spurious
                0x0000000008002cf4                z_arm_debug_monitor
                0x0000000008002cf4                z_arm_hard_fault
                0x0000000008002cf4                z_arm_bus_fault
 .text._reset_section
                0x0000000008002d08       0x2c zephyr/arch/arch/arm/core/cortex_m/libarch__arm__core__cortex_m.a(reset.S.obj)
                0x0000000008002d08                __start
                0x0000000008002d08                z_arm_reset
 .text.z_impl_k_thread_abort
                0x0000000008002d34       0x2c zephyr/arch/arch/arm/core/cortex_m/libarch__arm__core__cortex_m.a(thread_abort.c.obj)
                0x0000000008002d34                z_impl_k_thread_abort
 .text.z_arm_pendsv
                0x0000000008002d60       0x64 zephyr/arch/arch/arm/core/cortex_m/libarch__arm__core__cortex_m.a(swap_helper.S.obj)
                0x0000000008002d60                z_arm_pendsv
 .text.z_arm_svc
                0x0000000008002dc4       0x24 zephyr/arch/arch/arm/core/cortex_m/libarch__arm__core__cortex_m.a(swap_helper.S.obj)
                0x0000000008002dc4                z_arm_svc
 .text.arch_irq_enable
                0x0000000008002de8       0x1c zephyr/arch/arch/arm/core/cortex_m/libarch__arm__core__cortex_m.a(irq_manage.c.obj)
                0x0000000008002de8                arch_irq_enable
 .text.arch_irq_disable
                0x0000000008002e04       0x28 zephyr/arch/arch/arm/core/cortex_m/libarch__arm__core__cortex_m.a(irq_manage.c.obj)
                0x0000000008002e04                arch_irq_disable
 .text.arch_irq_is_enabled
                0x0000000008002e2c       0x1c zephyr/arch/arch/arm/core/cortex_m/libarch__arm__core__cortex_m.a(irq_manage.c.obj)
                0x0000000008002e2c                arch_irq_is_enabled
 .text.z_arm_irq_priority_set
                0x0000000008002e48       0x30 zephyr/arch/arch/arm/core/cortex_m/libarch__arm__core__cortex_m.a(irq_manage.c.obj)
                0x0000000008002e48                z_arm_irq_priority_set
 .text.z_prep_c
                0x0000000008002e78       0x48 zephyr/arch/arch/arm/core/cortex_m/libarch__arm__core__cortex_m.a(prep_c.c.obj)
                0x0000000008002e78                z_prep_c
 .text.arch_new_thread
                0x0000000008002ec0       0x38 zephyr/arch/arch/arm/core/cortex_m/libarch__arm__core__cortex_m.a(thread.c.obj)
                0x0000000008002ec0                arch_new_thread
 .text.z_check_thread_stack_fail
                0x0000000008002ef8       0x2c zephyr/arch/arch/arm/core/cortex_m/libarch__arm__core__cortex_m.a(thread.c.obj)
                0x0000000008002ef8                z_check_thread_stack_fail
 .text.arch_switch_to_main_thread
                0x0000000008002f24       0x3c zephyr/arch/arch/arm/core/cortex_m/libarch__arm__core__cortex_m.a(thread.c.obj)
                0x0000000008002f24                arch_switch_to_main_thread
 .text.z_arm_cpu_idle_init
                0x0000000008002f60        0xc zephyr/arch/arch/arm/core/cortex_m/libarch__arm__core__cortex_m.a(cpu_idle.c.obj)
                0x0000000008002f60                z_arm_cpu_idle_init
 .text.z_arm_interrupt_init
                0x0000000008002f6c       0x18 zephyr/arch/arch/arm/core/cortex_m/libarch__arm__core__cortex_m.a(irq_init.c.obj)
                0x0000000008002f6c                z_arm_interrupt_init
 .text._isr_wrapper
                0x0000000008002f84       0x24 zephyr/arch/arch/arm/core/cortex_m/libarch__arm__core__cortex_m.a(isr_wrapper.c.obj)
                0x0000000008002f84                _isr_wrapper
 .text.z_arm_configure_static_mpu_regions
                0x0000000008002fa8       0x18 zephyr/arch/arch/arm/core/mpu/libarch__arm__core__mpu.a(arm_core_mpu.c.obj)
                0x0000000008002fa8                z_arm_configure_static_mpu_regions
 .text.z_arm_configure_dynamic_mpu_regions
                0x0000000008002fc0       0x20 zephyr/arch/arch/arm/core/mpu/libarch__arm__core__mpu.a(arm_core_mpu.c.obj)
                0x0000000008002fc0                z_arm_configure_dynamic_mpu_regions
 .text.region_allocate_and_init
                0x0000000008002fe0       0x54 zephyr/arch/arch/arm/core/mpu/libarch__arm__core__mpu.a(arm_mpu.c.obj)
 .text.mpu_configure_regions
                0x0000000008003034       0x68 zephyr/arch/arch/arm/core/mpu/libarch__arm__core__mpu.a(arm_mpu.c.obj)
 .text.arm_core_mpu_enable
                0x000000000800309c       0x18 zephyr/arch/arch/arm/core/mpu/libarch__arm__core__mpu.a(arm_mpu.c.obj)
                0x000000000800309c                arm_core_mpu_enable
 .text.arm_core_mpu_disable
                0x00000000080030b4       0x14 zephyr/arch/arch/arm/core/mpu/libarch__arm__core__mpu.a(arm_mpu.c.obj)
                0x00000000080030b4                arm_core_mpu_disable
 .text.arm_core_mpu_configure_static_mpu_regions
                0x00000000080030c8       0x14 zephyr/arch/arch/arm/core/mpu/libarch__arm__core__mpu.a(arm_mpu.c.obj)
                0x00000000080030c8                arm_core_mpu_configure_static_mpu_regions
 .text.arm_core_mpu_configure_dynamic_mpu_regions
                0x00000000080030dc       0x38 zephyr/arch/arch/arm/core/mpu/libarch__arm__core__mpu.a(arm_mpu.c.obj)
                0x00000000080030dc                arm_core_mpu_configure_dynamic_mpu_regions
 .text.z_arm_mpu_init
                0x0000000008003114      0x17c zephyr/arch/arch/arm/core/mpu/libarch__arm__core__mpu.a(arm_mpu.c.obj)
                0x0000000008003114                z_arm_mpu_init
 .text.cbvprintf
                0x0000000008003290       0x38 zephyr/lib/libc/picolibc/liblib__libc__picolibc.a(cbprintf.c.obj)
                0x0000000008003290                cbvprintf
 .text.z_impl_zephyr_fputc
                0x00000000080032c8       0x10 zephyr/lib/libc/picolibc/liblib__libc__picolibc.a(stdio.c.obj)
                0x00000000080032c8                z_impl_zephyr_fputc
 .text.__stdout_hook_install
                0x00000000080032d8       0x18 zephyr/lib/libc/picolibc/liblib__libc__picolibc.a(stdio.c.obj)
                0x00000000080032d8                __stdout_hook_install
 .text.malloc_prepare
                0x00000000080032f0       0x24 zephyr/lib/libc/common/liblib__libc__common.a(malloc.c.obj)
 .text.net_buf_destroy
                0x0000000008003314       0x3c zephyr/lib/net_buf/liblib__net_buf.a(buf.c.obj)
 .text.net_buf_pool_get
                0x0000000008003350       0x10 zephyr/lib/net_buf/liblib__net_buf.a(buf.c.obj)
                0x0000000008003350                net_buf_pool_get
 .text.net_buf_id
                0x0000000008003360       0x20 zephyr/lib/net_buf/liblib__net_buf.a(buf.c.obj)
                0x0000000008003360                net_buf_id
 .text.fixed_data_alloc
                0x0000000008003380       0x24 zephyr/lib/net_buf/liblib__net_buf.a(buf.c.obj)
 .text.net_buf_alloc_len
                0x00000000080033a4       0xfc zephyr/lib/net_buf/liblib__net_buf.a(buf.c.obj)
                0x00000000080033a4                net_buf_alloc_len
 .text.net_buf_unref
                0x00000000080034a0       0x38 zephyr/lib/net_buf/liblib__net_buf.a(buf.c.obj)
                0x00000000080034a0                net_buf_unref
 .text.usbd_init
                0x00000000080034d8       0x80 zephyr/subsys/usb/device_next/libsubsys__usb__device_next.a(usbd_device.c.obj)
                0x00000000080034d8                usbd_init
 .text.usbd_enable
                0x0000000008003558       0x84 zephyr/subsys/usb/device_next/libsubsys__usb__device_next.a(usbd_device.c.obj)
                0x0000000008003558                usbd_enable
 .text.usbd_disable
                0x00000000080035dc       0x70 zephyr/subsys/usb/device_next/libsubsys__usb__device_next.a(usbd_device.c.obj)
                0x00000000080035dc                usbd_disable
 .text.nonstd_request
                0x000000000800364c       0xb0 zephyr/subsys/usb/device_next/libsubsys__usb__device_next.a(usbd_ch9.c.obj)
 .text.sreq_get_desc_cfg
                0x00000000080036fc      0x104 zephyr/subsys/usb/device_next/libsubsys__usb__device_next.a(usbd_ch9.c.obj)
 .text.usbd_handle_ctrl_xfer
                0x0000000008003800      0xb24 zephyr/subsys/usb/device_next/libsubsys__usb__device_next.a(usbd_ch9.c.obj)
                0x0000000008003800                usbd_handle_ctrl_xfer
 .text.usbd_event_carrier
                0x0000000008004324       0x10 zephyr/subsys/usb/device_next/libsubsys__usb__device_next.a(usbd_core.c.obj)
 .text.usbd_pre_init
                0x0000000008004334       0xa4 zephyr/subsys/usb/device_next/libsubsys__usb__device_next.a(usbd_core.c.obj)
 .text.usbd_class_bcast_event.part.0
                0x00000000080043d8       0x54 zephyr/subsys/usb/device_next/libsubsys__usb__device_next.a(usbd_core.c.obj)
 .text.usbd_thread
                0x000000000800442c      0x1e8 zephyr/subsys/usb/device_next/libsubsys__usb__device_next.a(usbd_core.c.obj)
 .text.usbd_device_init_core
                0x0000000008004614       0x44 zephyr/subsys/usb/device_next/libsubsys__usb__device_next.a(usbd_core.c.obj)
                0x0000000008004614                usbd_device_init_core
 .text.unassign_eps.constprop.0
                0x0000000008004658       0xa4 zephyr/subsys/usb/device_next/libsubsys__usb__device_next.a(usbd_init.c.obj)
 .text.init_configuration
                0x00000000080046fc      0x28c zephyr/subsys/usb/device_next/libsubsys__usb__device_next.a(usbd_init.c.obj)
 .text.usbd_init_configurations
                0x0000000008004988       0xb8 zephyr/subsys/usb/device_next/libsubsys__usb__device_next.a(usbd_init.c.obj)
                0x0000000008004988                usbd_init_configurations
 .text.usbd_config_get_current.part.0
                0x0000000008004a40       0x18 zephyr/subsys/usb/device_next/libsubsys__usb__device_next.a(usbd_config.c.obj)
 .text.usbd_config_set
                0x0000000008004a58       0xb0 zephyr/subsys/usb/device_next/libsubsys__usb__device_next.a(usbd_config.c.obj)
                0x0000000008004a58                usbd_config_set
 .text.usbd_add_configuration
                0x0000000008004b08      0x184 zephyr/subsys/usb/device_next/libsubsys__usb__device_next.a(usbd_config.c.obj)
                0x0000000008004b08                usbd_add_configuration
 .text.usbd_class_node_get
                0x0000000008004c8c       0x8c zephyr/subsys/usb/device_next/libsubsys__usb__device_next.a(usbd_class.c.obj)
 .text.usbd_class_get_by_ep
                0x0000000008004d18       0x58 zephyr/subsys/usb/device_next/libsubsys__usb__device_next.a(usbd_class.c.obj)
                0x0000000008004d18                usbd_class_get_by_ep
 .text.usbd_register_class
                0x0000000008004d70       0xc4 zephyr/subsys/usb/device_next/libsubsys__usb__device_next.a(usbd_class.c.obj)
                0x0000000008004d70                usbd_register_class
 .text.usbd_register_all_classes
                0x0000000008004e34       0xc0 zephyr/subsys/usb/device_next/libsubsys__usb__device_next.a(usbd_class.c.obj)
                0x0000000008004e34                usbd_register_all_classes
 .text.usbd_interface_modify
                0x0000000008004ef4      0x124 zephyr/subsys/usb/device_next/libsubsys__usb__device_next.a(usbd_interface.c.obj)
 .text.usbd_interface_set
                0x0000000008005018       0xb0 zephyr/subsys/usb/device_next/libsubsys__usb__device_next.a(usbd_interface.c.obj)
                0x0000000008005018                usbd_interface_set
 .text.usbd_ep_ctrl_enqueue
                0x00000000080050c8       0x90 zephyr/subsys/usb/device_next/libsubsys__usb__device_next.a(usbd_endpoint.c.obj)
                0x00000000080050c8                usbd_ep_ctrl_enqueue
 .text.usbd_ep_set_halt
                0x0000000008005158       0x44 zephyr/subsys/usb/device_next/libsubsys__usb__device_next.a(usbd_endpoint.c.obj)
                0x0000000008005158                usbd_ep_set_halt
 .text.usbd_ep_clear_halt
                0x000000000800519c       0x34 zephyr/subsys/usb/device_next/libsubsys__usb__device_next.a(usbd_endpoint.c.obj)
                0x000000000800519c                usbd_ep_clear_halt
 .text.msg_work_handler
                0x00000000080051d0       0x90 zephyr/subsys/usb/device_next/libsubsys__usb__device_next.a(usbd_msg.c.obj)
 .text.usbd_msg_pub
                0x0000000008005260       0x70 zephyr/subsys/usb/device_next/libsubsys__usb__device_next.a(usbd_msg.c.obj)
 .text.hid_device_init
                0x00000000080052d0       0x28 zephyr/subsys/usb/device_next/libsubsys__usb__device_next.a(usbd_hid.c.obj)
 .text.usbd_hid_ctd
                0x00000000080052f8       0xac zephyr/subsys/usb/device_next/libsubsys__usb__device_next.a(usbd_hid.c.obj)
 .text.usbd_hid_cth
                0x00000000080053a4      0x104 zephyr/subsys/usb/device_next/libsubsys__usb__device_next.a(usbd_hid.c.obj)
 .text.hid_dev_register
                0x00000000080054a8       0x6c zephyr/subsys/usb/device_next/libsubsys__usb__device_next.a(usbd_hid.c.obj)
 .text.hid_dev_submit_report
                0x0000000008005514       0x94 zephyr/subsys/usb/device_next/libsubsys__usb__device_next.a(usbd_hid.c.obj)
 .text.hid_dev_output_handler
                0x00000000080055a8       0x64 zephyr/subsys/usb/device_next/libsubsys__usb__device_next.a(usbd_hid.c.obj)
 .text.input_report
                0x000000000800560c       0x44 zephyr/subsys/input/libsubsys__input.a(input.c.obj)
                0x000000000800560c                input_report
 .text.stm32_exti_isr
                0x0000000008005650       0x50 zephyr/drivers/interrupt_controller/libdrivers__interrupt_controller.a(intc_exti_stm32.c.obj)
 .text.stm32_fill_irq_table
                0x00000000080056a0       0x18 zephyr/drivers/interrupt_controller/libdrivers__interrupt_controller.a(intc_exti_stm32.c.obj)
 .text.stm32_exti_init
                0x00000000080056b8       0xac zephyr/drivers/interrupt_controller/libdrivers__interrupt_controller.a(intc_exti_stm32.c.obj)
 .text.stm32_gpio_intc_enable_line
                0x0000000008005764       0x2c zephyr/drivers/interrupt_controller/libdrivers__interrupt_controller.a(intc_exti_stm32.c.obj)
                0x0000000008005764                stm32_gpio_intc_enable_line
 .text.stm32_gpio_intc_disable_line
                0x0000000008005790       0x10 zephyr/drivers/interrupt_controller/libdrivers__interrupt_controller.a(intc_exti_stm32.c.obj)
                0x0000000008005790                stm32_gpio_intc_disable_line
 .text.stm32_gpio_intc_select_line_trigger
                0x00000000080057a0       0x50 zephyr/drivers/interrupt_controller/libdrivers__interrupt_controller.a(intc_exti_stm32.c.obj)
                0x00000000080057a0                stm32_gpio_intc_select_line_trigger
 .text.stm32_gpio_intc_set_irq_callback
                0x00000000080057f0       0x40 zephyr/drivers/interrupt_controller/libdrivers__interrupt_controller.a(intc_exti_stm32.c.obj)
                0x00000000080057f0                stm32_gpio_intc_set_irq_callback
 .text.stm32_gpio_intc_remove_irq_callback
                0x0000000008005830       0x24 zephyr/drivers/interrupt_controller/libdrivers__interrupt_controller.a(intc_exti_stm32.c.obj)
                0x0000000008005830                stm32_gpio_intc_remove_irq_callback
 .text.stm32_exti_get_line_src_port
                0x0000000008005854       0x34 zephyr/drivers/interrupt_controller/libdrivers__interrupt_controller.a(intc_exti_stm32.c.obj)
                0x0000000008005854                stm32_exti_get_line_src_port
 .text.udc_set_suspended
                0x0000000008005888       0x60 zephyr/drivers/usb/udc/libdrivers__usb__udc.a(udc_common.c.obj)
                0x0000000008005888                udc_set_suspended
 .text.udc_ep_enable_internal
                0x00000000080058e8       0x88 zephyr/drivers/usb/udc/libdrivers__usb__udc.a(udc_common.c.obj)
                0x00000000080058e8                udc_ep_enable_internal
 .text.udc_ep_disable_internal
                0x0000000008005970       0x54 zephyr/drivers/usb/udc/libdrivers__usb__udc.a(udc_common.c.obj)
                0x0000000008005970                udc_ep_disable_internal
 .text.udc_ep_dequeue
                0x00000000080059c4       0x60 zephyr/drivers/usb/udc/libdrivers__usb__udc.a(udc_common.c.obj)
                0x00000000080059c4                udc_ep_dequeue
 .text.udc_ep_buf_alloc
                0x0000000008005a24       0x50 zephyr/drivers/usb/udc/libdrivers__usb__udc.a(udc_common.c.obj)
                0x0000000008005a24                udc_ep_buf_alloc
 .text.udc_ctrl_update_stage
                0x0000000008005a74       0xac zephyr/drivers/usb/udc/libdrivers__usb__udc.a(udc_common.c.obj)
                0x0000000008005a74                udc_ctrl_update_stage
 .text.priv_pcd_prepare
                0x0000000008005b20       0x30 zephyr/drivers/usb/udc/libdrivers__usb__udc.a(udc_stm32.c.obj)
 .text.udc_stm32_rx
                0x0000000008005b50       0x50 zephyr/drivers/usb/udc/libdrivers__usb__udc.a(udc_stm32.c.obj)
 .text.udc_stm32_enable
                0x0000000008005ba0       0x88 zephyr/drivers/usb/udc/libdrivers__usb__udc.a(udc_stm32.c.obj)
 .text.priv_clock_enable.part.0
                0x0000000008005c28       0x18 zephyr/drivers/usb/udc/libdrivers__usb__udc.a(udc_stm32.c.obj)
 .text.udc_stm32_disable
                0x0000000008005c40       0x5c zephyr/drivers/usb/udc/libdrivers__usb__udc.a(udc_stm32.c.obj)
 .text.udc_stm32_shutdown
                0x0000000008005c9c       0x50 zephyr/drivers/usb/udc/libdrivers__usb__udc.a(udc_stm32.c.obj)
 .text.udc_stm32_init
                0x0000000008005cec       0x58 zephyr/drivers/usb/udc/libdrivers__usb__udc.a(udc_stm32.c.obj)
                0x0000000008005cec                udc_stm32_init
 .text.priv_clock_disable.part.0
                0x0000000008005d44       0x18 zephyr/drivers/usb/udc/libdrivers__usb__udc.a(udc_stm32.c.obj)
 .text.priv_clock_disable
                0x0000000008005d5c       0x20 zephyr/drivers/usb/udc/libdrivers__usb__udc.a(udc_stm32.c.obj)
 .text.priv_clock_enable
                0x0000000008005d7c       0x40 zephyr/drivers/usb/udc/libdrivers__usb__udc.a(udc_stm32.c.obj)
 .text.udc_stm32_host_wakeup
                0x0000000008005dbc       0x3c zephyr/drivers/usb/udc/libdrivers__usb__udc.a(udc_stm32.c.obj)
 .text.udc_stm32_driver_init0
                0x0000000008005df8      0x1d8 zephyr/drivers/usb/udc/libdrivers__usb__udc.a(udc_stm32.c.obj)
 .text.udc_stm32_ep_dequeue
                0x0000000008005fd0       0x50 zephyr/drivers/usb/udc/libdrivers__usb__udc.a(udc_stm32.c.obj)
 .text.udc_stm32_set_address
                0x0000000008006020       0x30 zephyr/drivers/usb/udc/libdrivers__usb__udc.a(udc_stm32.c.obj)
 .text.udc_stm32_ep_disable
                0x0000000008006050       0x54 zephyr/drivers/usb/udc/libdrivers__usb__udc.a(udc_stm32.c.obj)
 .text.udc_stm32_ep_enable
                0x00000000080060a4       0x90 zephyr/drivers/usb/udc/libdrivers__usb__udc.a(udc_stm32.c.obj)
 .text.udc_stm32_ep_clear_halt
                0x0000000008006134       0x30 zephyr/drivers/usb/udc/libdrivers__usb__udc.a(udc_stm32.c.obj)
 .text.udc_stm32_ep_set_halt
                0x0000000008006164       0x30 zephyr/drivers/usb/udc/libdrivers__usb__udc.a(udc_stm32.c.obj)
 .text.udc_stm32_tx
                0x0000000008006194       0x94 zephyr/drivers/usb/udc/libdrivers__usb__udc.a(udc_stm32.c.obj)
 .text.udc_stm32_thread_handler
                0x0000000008006228      0x280 zephyr/drivers/usb/udc/libdrivers__usb__udc.a(udc_stm32.c.obj)
 .text.HAL_PCD_SetupStageCallback
                0x00000000080064a8       0x30 zephyr/drivers/usb/udc/libdrivers__usb__udc.a(udc_stm32.c.obj)
                0x00000000080064a8                HAL_PCD_SetupStageCallback
 .text.HAL_PCD_DataOutStageCallback
                0x00000000080064d8       0x3c zephyr/drivers/usb/udc/libdrivers__usb__udc.a(udc_stm32.c.obj)
                0x00000000080064d8                HAL_PCD_DataOutStageCallback
 .text.HAL_PCD_DataInStageCallback
                0x0000000008006514       0x38 zephyr/drivers/usb/udc/libdrivers__usb__udc.a(udc_stm32.c.obj)
                0x0000000008006514                HAL_PCD_DataInStageCallback
 .text.adc_stm32_channel_setup
                0x000000000800654c      0x10c zephyr/drivers/adc/libdrivers__adc.a(adc_stm32.c.obj)
 .text.adc_stm32_calibrate.isra.0
                0x0000000008006658       0x70 zephyr/drivers/adc/libdrivers__adc.a(adc_stm32.c.obj)
 .text.adc_stm32_read
                0x00000000080066c8      0x294 zephyr/drivers/adc/libdrivers__adc.a(adc_stm32.c.obj)
 .text.adc_stm32_isr_18
                0x000000000800695c       0xe4 zephyr/drivers/adc/libdrivers__adc.a(adc_stm32.c.obj)
 .text.adc_stm32_init
                0x0000000008006a40      0x104 zephyr/drivers/adc/libdrivers__adc.a(adc_stm32.c.obj)
 .text.stm32_clock_control_get_subsys_rate
                0x0000000008006b44       0x7c zephyr/drivers/clock_control/libdrivers__clock_control.a(clock_stm32_ll_common.c.obj)
 .text.stm32_clock_control_init
                0x0000000008006bc0      0x100 zephyr/drivers/clock_control/libdrivers__clock_control.a(clock_stm32_ll_common.c.obj)
                0x0000000008006bc0                stm32_clock_control_init
 .text.config_pll_sysclock
                0x0000000008006cc0       0x1c zephyr/drivers/clock_control/libdrivers__clock_control.a(clock_stm32f0_f3.c.obj)
                0x0000000008006cc0                config_pll_sysclock
 .text.get_pllout_frequency
                0x0000000008006cdc       0x20 zephyr/drivers/clock_control/libdrivers__clock_control.a(clock_stm32f0_f3.c.obj)
                0x0000000008006cdc                get_pllout_frequency
 .text.config_enable_default_clocks
                0x0000000008006cfc       0x20 zephyr/drivers/clock_control/libdrivers__clock_control.a(clock_stm32f0_f3.c.obj)
                0x0000000008006cfc                config_enable_default_clocks
 .text.uart_console_init
                0x0000000008006d1c       0x28 zephyr/drivers/console/libdrivers__console.a(uart_console.c.obj)
 .text.console_out
                0x0000000008006d44       0x28 zephyr/drivers/console/libdrivers__console.a(uart_console.c.obj)
 .text.gpio_stm32_pin_interrupt_configure
                0x0000000008006d6c       0xb0 zephyr/drivers/gpio/libdrivers__gpio.a(gpio_stm32.c.obj)
 .text.gpio_stm32_init
                0x0000000008006e1c       0x30 zephyr/drivers/gpio/libdrivers__gpio.a(gpio_stm32.c.obj)
 .text.z_impl_hwinfo_get_device_id
                0x0000000008006e4c       0x38 zephyr/drivers/hwinfo/libdrivers__hwinfo.a(hwinfo_stm32.c.obj)
                0x0000000008006e4c                z_impl_hwinfo_get_device_id
 .text.msg_init
                0x0000000008006e84       0x9c zephyr/drivers/i2c/libdrivers__i2c.a(i2c_ll_stm32_v2.c.obj)
 .text.stm32_i2c_configure_timing
                0x0000000008006f20      0x158 zephyr/drivers/i2c/libdrivers__i2c.a(i2c_ll_stm32_v2.c.obj)
                0x0000000008006f20                stm32_i2c_configure_timing
 .text.i2c_stm32_get_config.part.0
                0x0000000008007078       0x1c zephyr/drivers/i2c/libdrivers__i2c.a(i2c_ll_stm32.c.obj)
 .text.i2c_stm32_set_smbus_mode
                0x0000000008007094       0x54 zephyr/drivers/i2c/libdrivers__i2c.a(i2c_ll_stm32.c.obj)
                0x0000000008007094                i2c_stm32_set_smbus_mode
 .text.i2c_stm32_runtime_configure
                0x00000000080070e8       0xa4 zephyr/drivers/i2c/libdrivers__i2c.a(i2c_ll_stm32.c.obj)
                0x00000000080070e8                i2c_stm32_runtime_configure
 .text.i2c_stm32_init
                0x000000000800718c      0x158 zephyr/drivers/i2c/libdrivers__i2c.a(i2c_ll_stm32.c.obj)
 .text.gpio_keys_change_deferred
                0x00000000080072e4       0x78 zephyr/drivers/input/libdrivers__input.a(input_gpio_keys.c.obj)
 .text.gpio_keys_init
                0x000000000800735c      0x194 zephyr/drivers/input/libdrivers__input.a(input_gpio_keys.c.obj)
 .text.pinctrl_configure_pins
                0x00000000080074f0       0x84 zephyr/drivers/pinctrl/libdrivers__pinctrl.a(pinctrl_stm32.c.obj)
                0x00000000080074f0                pinctrl_configure_pins
 .text.lis2dh_channel_get
                0x0000000008007574       0x54 zephyr/drivers/sensor/st/lis2dh/libdrivers__sensor__st__lis2dh.a(lis2dh.c.obj)
 .text.lis2dh_attr_set.part.0
                0x00000000080075c8       0x1c zephyr/drivers/sensor/st/lis2dh/libdrivers__sensor__st__lis2dh.a(lis2dh.c.obj)
 .text.lis2dh_fetch_xyz.constprop.0
                0x00000000080075e4       0x38 zephyr/drivers/sensor/st/lis2dh/libdrivers__sensor__st__lis2dh.a(lis2dh.c.obj)
 .text.lis2dh_sample_fetch
                0x000000000800761c       0x34 zephyr/drivers/sensor/st/lis2dh/libdrivers__sensor__st__lis2dh.a(lis2dh.c.obj)
 .text.lis2dh_init
                0x0000000008007650      0x150 zephyr/drivers/sensor/st/lis2dh/libdrivers__sensor__st__lis2dh.a(lis2dh.c.obj)
                0x0000000008007650                lis2dh_init
 .text.lis2dh_i2c_init
                0x00000000080077a0       0x34 zephyr/drivers/sensor/st/lis2dh/libdrivers__sensor__st__lis2dh.a(lis2dh_i2c.c.obj)
                0x00000000080077a0                lis2dh_i2c_init
 .text.z_impl_gpio_pin_interrupt_configure.isra.0
                0x00000000080077d4       0x34 zephyr/drivers/sensor/st/lis2dh/libdrivers__sensor__st__lis2dh.a(lis2dh_trigger.c.obj)
 .text.setup_int2.isra.0
                0x0000000008007808       0x20 zephyr/drivers/sensor/st/lis2dh/libdrivers__sensor__st__lis2dh.a(lis2dh_trigger.c.obj)
 .text.setup_int1.isra.0
                0x0000000008007828       0x20 zephyr/drivers/sensor/st/lis2dh/libdrivers__sensor__st__lis2dh.a(lis2dh_trigger.c.obj)
 .text.lis2dh_trigger_anym_tap_set
                0x0000000008007848       0xfc zephyr/drivers/sensor/st/lis2dh/libdrivers__sensor__st__lis2dh.a(lis2dh_trigger.c.obj)
 .text.lis2dh_thread
                0x0000000008007944      0x2bc zephyr/drivers/sensor/st/lis2dh/libdrivers__sensor__st__lis2dh.a(lis2dh_trigger.c.obj)
 .text.lis2dh_trigger_set
                0x0000000008007c00       0xb8 zephyr/drivers/sensor/st/lis2dh/libdrivers__sensor__st__lis2dh.a(lis2dh_trigger.c.obj)
                0x0000000008007c00                lis2dh_trigger_set
 .text.lis2dh_acc_slope_config
                0x0000000008007cb8      0x100 zephyr/drivers/sensor/st/lis2dh/libdrivers__sensor__st__lis2dh.a(lis2dh_trigger.c.obj)
                0x0000000008007cb8                lis2dh_acc_slope_config
 .text.lis2dh_init_interrupt
                0x0000000008007db8      0x284 zephyr/drivers/sensor/st/lis2dh/libdrivers__sensor__st__lis2dh.a(lis2dh_trigger.c.obj)
                0x0000000008007db8                lis2dh_init_interrupt
 .text.lsm303dlhc_sample_fetch
                0x000000000800803c       0x90 zephyr/drivers/sensor/st/lsm303dlhc_magn/libdrivers__sensor__st__lsm303dlhc_magn.a(lsm303dlhc_magn.c.obj)
 .text.lsm303dlhc_magn_init
                0x00000000080080cc       0x78 zephyr/drivers/sensor/st/lsm303dlhc_magn/libdrivers__sensor__st__lsm303dlhc_magn.a(lsm303dlhc_magn.c.obj)
 .text.lsm303dlhc_channel_get
                0x0000000008008144      0x124 zephyr/drivers/sensor/st/lsm303dlhc_magn/libdrivers__sensor__st__lsm303dlhc_magn.a(lsm303dlhc_magn.c.obj)
 .text.stm32_temp_channel_get
                0x0000000008008268       0xf4 zephyr/drivers/sensor/st/stm32_temp/libdrivers__sensor__st__stm32_temp.a(stm32_temp.c.obj)
 .text.stm32_temp_sample_fetch
                0x000000000800835c       0xb0 zephyr/drivers/sensor/st/stm32_temp/libdrivers__sensor__st__stm32_temp.a(stm32_temp.c.obj)
 .text.stm32_temp_init
                0x000000000800840c       0x80 zephyr/drivers/sensor/st/stm32_temp/libdrivers__sensor__st__stm32_temp.a(stm32_temp.c.obj)
 .text.stm32_vbat_sample_fetch
                0x000000000800848c       0xac zephyr/drivers/sensor/st/stm32_vbat/libdrivers__sensor__st__stm32_vbat.a(stm32_vbat.c.obj)
 .text.stm32_vbat_init
                0x0000000008008538       0x94 zephyr/drivers/sensor/st/stm32_vbat/libdrivers__sensor__st__stm32_vbat.a(stm32_vbat.c.obj)
 .text.stm32_vref_channel_get.part.0
                0x00000000080085cc       0x1c zephyr/drivers/sensor/st/stm32_vref/libdrivers__sensor__st__stm32_vref.a(stm32_vref.c.obj)
 .text.stm32_vref_sample_fetch
                0x00000000080085e8       0xb0 zephyr/drivers/sensor/st/stm32_vref/libdrivers__sensor__st__stm32_vref.a(stm32_vref.c.obj)
 .text.stm32_vref_init
                0x0000000008008698       0x80 zephyr/drivers/sensor/st/stm32_vref/libdrivers__sensor__st__stm32_vref.a(stm32_vref.c.obj)
 .text.uart_stm32_set_baudrate.part.0
                0x0000000008008718       0x14 zephyr/drivers/serial/libdrivers__serial.a(uart_stm32.c.obj)
 .text.uart_stm32_parameters_set
                0x000000000800872c      0x128 zephyr/drivers/serial/libdrivers__serial.a(uart_stm32.c.obj)
 .text.uart_stm32_init
                0x0000000008008854      0x198 zephyr/drivers/serial/libdrivers__serial.a(uart_stm32.c.obj)
 .text.uart_stm32_configure
                0x00000000080089ec      0x140 zephyr/drivers/serial/libdrivers__serial.a(uart_stm32.c.obj)
 .text.elapsed  0x0000000008008b2c       0x4c zephyr/drivers/timer/libdrivers__timer.a(cortex_m_systick.c.obj)
 .text.sys_clock_driver_init
                0x0000000008008b78       0x38 zephyr/drivers/timer/libdrivers__timer.a(cortex_m_systick.c.obj)
 .text.sys_clock_isr
                0x0000000008008bb0       0x60 zephyr/drivers/timer/libdrivers__timer.a(cortex_m_systick.c.obj)
                0x0000000008008bb0                sys_clock_isr
 .text.sys_clock_set_timeout
                0x0000000008008c10       0xf8 zephyr/drivers/timer/libdrivers__timer.a(cortex_m_systick.c.obj)
                0x0000000008008c10                sys_clock_set_timeout
 .text.sys_clock_elapsed
                0x0000000008008d08       0x3c zephyr/drivers/timer/libdrivers__timer.a(cortex_m_systick.c.obj)
                0x0000000008008d08                sys_clock_elapsed
 .text.sys_clock_cycle_get_32
                0x0000000008008d44       0x28 zephyr/drivers/timer/libdrivers__timer.a(cortex_m_systick.c.obj)
                0x0000000008008d44                sys_clock_cycle_get_32
 .text.HAL_RCC_GetSysClockFreq
                0x0000000008008d6c       0x48 modules/hal_stm32/stm32cube/lib..__modules__hal__stm32__stm32cube.a(stm32f3xx_hal_rcc.c.obj)
                0x0000000008008d6c                HAL_RCC_GetSysClockFreq
 .text.USB_ActivateEndpoint
                0x0000000008008db4      0x300 modules/hal_stm32/stm32cube/lib..__modules__hal__stm32__stm32cube.a(stm32f3xx_ll_usb.c.obj)
                0x0000000008008db4                USB_ActivateEndpoint
 .text.LL_SetFlashLatency
                0x00000000080090b4       0x4c modules/hal_stm32/stm32cube/lib..__modules__hal__stm32__stm32cube.a(stm32f3xx_ll_utils.c.obj)
                0x00000000080090b4                LL_SetFlashLatency
 .text.k_sys_fatal_error_handler
                0x0000000008009100       0x20 zephyr/kernel/libkernel.a(fatal.c.obj)
                0x0000000008009100                k_sys_fatal_error_handler
 .text.z_fatal_error
                0x0000000008009120       0xe8 zephyr/kernel/libkernel.a(fatal.c.obj)
                0x0000000008009120                z_fatal_error
 .text.z_sys_init_run_level
                0x0000000008009208       0x2c zephyr/kernel/libkernel.a(init.c.obj)
 .text.bg_thread_main
                0x0000000008009234       0xc4 zephyr/kernel/libkernel.a(init.c.obj)
 .text.z_bss_zero
                0x00000000080092f8       0x18 zephyr/kernel/libkernel.a(init.c.obj)
                0x00000000080092f8                z_bss_zero
 .text.z_init_cpu
                0x0000000008009310       0x70 zephyr/kernel/libkernel.a(init.c.obj)
                0x0000000008009310                z_init_cpu
 .text.z_cstart
                0x0000000008009380       0xd4 zephyr/kernel/libkernel.a(init.c.obj)
                0x0000000008009380                z_cstart
 .text.statics_init
                0x0000000008009454       0x24 zephyr/kernel/libkernel.a(kheap.c.obj)
 .text.init_mem_slab_obj_core_list
                0x0000000008009478       0x24 zephyr/kernel/libkernel.a(mem_slab.c.obj)
 .text.k_mem_slab_alloc
                0x000000000800949c       0x5c zephyr/kernel/libkernel.a(mem_slab.c.obj)
                0x000000000800949c                k_mem_slab_alloc
 .text.z_impl_k_msgq_put
                0x00000000080094f8       0xac zephyr/kernel/libkernel.a(msg_q.c.obj)
                0x00000000080094f8                z_impl_k_msgq_put
 .text.z_impl_k_msgq_get
                0x00000000080095a4       0xc4 zephyr/kernel/libkernel.a(msg_q.c.obj)
                0x00000000080095a4                z_impl_k_msgq_get
 .text.z_impl_k_mutex_lock
                0x0000000008009668       0xf0 zephyr/kernel/libkernel.a(mutex.c.obj)
                0x0000000008009668                z_impl_k_mutex_lock
 .text.z_impl_k_mutex_unlock
                0x0000000008009758       0xa0 zephyr/kernel/libkernel.a(mutex.c.obj)
                0x0000000008009758                z_impl_k_mutex_unlock
 .text.z_impl_k_queue_get
                0x00000000080097f8       0x64 zephyr/kernel/libkernel.a(queue.c.obj)
                0x00000000080097f8                z_impl_k_queue_get
 .text.z_impl_k_sem_give
                0x000000000800985c       0x68 zephyr/kernel/libkernel.a(sem.c.obj)
                0x000000000800985c                z_impl_k_sem_give
 .text.z_impl_k_sem_take
                0x00000000080098c4       0x4c zephyr/kernel/libkernel.a(sem.c.obj)
                0x00000000080098c4                z_impl_k_sem_take
 .text.work_queue_main
                0x0000000008009910      0x14c zephyr/kernel/libkernel.a(work.c.obj)
 .text.submit_to_queue_locked
                0x0000000008009a5c       0xb4 zephyr/kernel/libkernel.a(work.c.obj)
 .text.k_work_submit
                0x0000000008009b10        0xc zephyr/kernel/libkernel.a(work.c.obj)
                0x0000000008009b10                k_work_submit
 .text.k_work_queue_start
                0x0000000008009b1c       0x7c zephyr/kernel/libkernel.a(work.c.obj)
                0x0000000008009b1c                k_work_queue_start
 .text.k_work_schedule_for_queue
                0x0000000008009b98       0x54 zephyr/kernel/libkernel.a(work.c.obj)
                0x0000000008009b98                k_work_schedule_for_queue
 .text.k_work_schedule
                0x0000000008009bec        0xc zephyr/kernel/libkernel.a(work.c.obj)
                0x0000000008009bec                k_work_schedule
 .text.k_work_reschedule_for_queue
                0x0000000008009bf8       0x5c zephyr/kernel/libkernel.a(work.c.obj)
                0x0000000008009bf8                k_work_reschedule_for_queue
 .text.k_work_reschedule
                0x0000000008009c54        0xc zephyr/kernel/libkernel.a(work.c.obj)
                0x0000000008009c54                k_work_reschedule
 .text.z_setup_new_thread
                0x0000000008009c60       0x98 zephyr/kernel/libkernel.a(thread.c.obj)
                0x0000000008009c60                z_setup_new_thread
 .text.z_impl_k_thread_create
                0x0000000008009cf8       0x58 zephyr/kernel/libkernel.a(thread.c.obj)
                0x0000000008009cf8                z_impl_k_thread_create
 .text.z_dummy_thread_init
                0x0000000008009d50       0x18 zephyr/kernel/libkernel.a(thread.c.obj)
                0x0000000008009d50                z_dummy_thread_init
 .text.z_swap_irqlock
                0x0000000008009d68       0x30 zephyr/kernel/libkernel.a(sched.c.obj)
 .text.ready_thread
                0x0000000008009d98       0x84 zephyr/kernel/libkernel.a(sched.c.obj)
 .text.unready_thread
                0x0000000008009e1c       0x54 zephyr/kernel/libkernel.a(sched.c.obj)
 .text.move_thread_to_end_of_prio_q
                0x0000000008009e70       0x90 zephyr/kernel/libkernel.a(sched.c.obj)
                0x0000000008009e70                move_thread_to_end_of_prio_q
 .text.z_pend_curr
                0x0000000008009f00       0x58 zephyr/kernel/libkernel.a(sched.c.obj)
                0x0000000008009f00                z_pend_curr
 .text.z_thread_prio_set
                0x0000000008009f58       0xa0 zephyr/kernel/libkernel.a(sched.c.obj)
                0x0000000008009f58                z_thread_prio_set
 .text.z_reschedule
                0x0000000008009ff8       0x24 zephyr/kernel/libkernel.a(sched.c.obj)
                0x0000000008009ff8                z_reschedule
 .text.z_reschedule_irqlock
                0x000000000800a01c       0x28 zephyr/kernel/libkernel.a(sched.c.obj)
                0x000000000800a01c                z_reschedule_irqlock
 .text.k_sched_lock
                0x000000000800a044       0x28 zephyr/kernel/libkernel.a(sched.c.obj)
                0x000000000800a044                k_sched_lock
 .text.k_sched_unlock
                0x000000000800a06c       0x68 zephyr/kernel/libkernel.a(sched.c.obj)
                0x000000000800a06c                k_sched_unlock
 .text.z_sched_init
                0x000000000800a0d4       0x10 zephyr/kernel/libkernel.a(sched.c.obj)
                0x000000000800a0d4                z_sched_init
 .text.z_impl_k_yield
                0x000000000800a0e4       0x88 zephyr/kernel/libkernel.a(sched.c.obj)
                0x000000000800a0e4                z_impl_k_yield
 .text.z_tick_sleep
                0x000000000800a16c       0x80 zephyr/kernel/libkernel.a(sched.c.obj)
 .text.z_impl_k_wakeup
                0x000000000800a1ec       0x4c zephyr/kernel/libkernel.a(sched.c.obj)
                0x000000000800a1ec                z_impl_k_wakeup
 .text.z_impl_k_sched_current_thread_query
                0x000000000800a238        0xc zephyr/kernel/libkernel.a(sched.c.obj)
                0x000000000800a238                z_impl_k_sched_current_thread_query
 .text.z_thread_abort
                0x000000000800a244      0x104 zephyr/kernel/libkernel.a(sched.c.obj)
                0x000000000800a244                z_thread_abort
 .text.z_sched_wait
                0x000000000800a348       0x24 zephyr/kernel/libkernel.a(sched.c.obj)
                0x000000000800a348                z_sched_wait
 .text.slice_timeout
                0x000000000800a36c       0x20 zephyr/kernel/libkernel.a(timeslicing.c.obj)
 .text.thread_is_sliceable
                0x000000000800a38c       0x3c zephyr/kernel/libkernel.a(timeslicing.c.obj)
                0x000000000800a38c                thread_is_sliceable
 .text.z_reset_time_slice
                0x000000000800a3c8       0x50 zephyr/kernel/libkernel.a(timeslicing.c.obj)
                0x000000000800a3c8                z_reset_time_slice
 .text.z_time_slice
                0x000000000800a418       0x60 zephyr/kernel/libkernel.a(timeslicing.c.obj)
                0x000000000800a418                z_time_slice
 .text.z_data_copy
                0x000000000800a478       0x38 zephyr/kernel/libkernel.a(xip.c.obj)
                0x000000000800a478                z_data_copy
 .text.first    0x000000000800a4b0       0x10 zephyr/kernel/libkernel.a(timeout.c.obj)
 .text.elapsed  0x000000000800a4c0       0x14 zephyr/kernel/libkernel.a(timeout.c.obj)
 .text.remove_timeout
                0x000000000800a4d4       0x38 zephyr/kernel/libkernel.a(timeout.c.obj)
 .text.z_add_timeout
                0x000000000800a50c       0xec zephyr/kernel/libkernel.a(timeout.c.obj)
                0x000000000800a50c                z_add_timeout
 .text.sys_clock_announce
                0x000000000800a5f8       0xbc zephyr/kernel/libkernel.a(timeout.c.obj)
                0x000000000800a5f8                sys_clock_announce
 .text.sys_clock_tick_get
                0x000000000800a6b4       0x30 zephyr/kernel/libkernel.a(timeout.c.obj)
                0x000000000800a6b4                sys_clock_tick_get
 .text.z_timer_expiration_handler
                0x000000000800a6e4       0xe0 zephyr/kernel/libkernel.a(timer.c.obj)
                0x000000000800a6e4                z_timer_expiration_handler
 .text.z_impl_k_timer_start
                0x000000000800a7c4       0x74 zephyr/kernel/libkernel.a(timer.c.obj)
                0x000000000800a7c4                z_impl_k_timer_start
 .text.z_thread_aligned_alloc
                0x000000000800a838       0x40 zephyr/kernel/libkernel.a(mempool.c.obj)
                0x000000000800a838                z_thread_aligned_alloc
 .text.boot_banner
                0x000000000800a878        0xc zephyr/kernel/libkernel.a(banner.c.obj)
                0x000000000800a878                boot_banner
 .text.k_sys_work_q_init
                0x000000000800a884       0x34 zephyr/kernel/libkernel.a(system_work_q.c.obj)
 .text.printf   0x000000000800a8b8       0x24 c:\users\walid\zephyr-sdk-0.16.8\arm-zephyr-eabi\bin\../lib/gcc/../../picolibc/arm-zephyr-eabi/lib/thumb/v7e-m/nofp\libc.a(libc_tinystdio_printf.c.o)
                0x000000000800a8b8                printf
 .text.snprintf
                0x000000000800a8dc       0x58 c:\users\walid\zephyr-sdk-0.16.8\arm-zephyr-eabi\bin\../lib/gcc/../../picolibc/arm-zephyr-eabi/lib/thumb/v7e-m/nofp\libc.a(libc_tinystdio_snprintf.c.o)
                0x000000000800a8dc                snprintf
 .text.skip_to_arg
                0x000000000800a934      0x138 c:\users\walid\zephyr-sdk-0.16.8\arm-zephyr-eabi\bin\../lib/gcc/../../picolibc/arm-zephyr-eabi/lib/thumb/v7e-m/nofp\libc.a(libc_tinystdio_vfprintf.c.o)
 .text.vfprintf
                0x000000000800aa6c      0x9f8 c:\users\walid\zephyr-sdk-0.16.8\arm-zephyr-eabi\bin\../lib/gcc/../../picolibc/arm-zephyr-eabi/lib/thumb/v7e-m/nofp\libc.a(libc_tinystdio_vfprintf.c.o)
                0x000000000800aa6c                __d_vfprintf
 .text.div10    0x000000000800b464       0x28 c:\users\walid\zephyr-sdk-0.16.8\arm-zephyr-eabi\bin\../lib/gcc/../../picolibc/arm-zephyr-eabi/lib/thumb/v7e-m/nofp\libc.a(libc_tinystdio_dtoa_ryu.c.o)
 .text.__dtoa_engine
                0x000000000800b48c      0x49c c:\users\walid\zephyr-sdk-0.16.8\arm-zephyr-eabi\bin\../lib/gcc/../../picolibc/arm-zephyr-eabi/lib/thumb/v7e-m/nofp\libc.a(libc_tinystdio_dtoa_ryu.c.o)
                0x000000000800b48c                __dtoa_engine
 .text.__log10Pow2
                0x000000000800b928        0xc c:\users\walid\zephyr-sdk-0.16.8\arm-zephyr-eabi\bin\../lib/gcc/../../picolibc/arm-zephyr-eabi/lib/thumb/v7e-m/nofp\libc.a(libc_tinystdio_ryu_log10.c.o)
                0x000000000800b928                __log10Pow2
 .text.__log10Pow5
                0x000000000800b934        0xc c:\users\walid\zephyr-sdk-0.16.8\arm-zephyr-eabi\bin\../lib/gcc/../../picolibc/arm-zephyr-eabi/lib/thumb/v7e-m/nofp\libc.a(libc_tinystdio_ryu_log10.c.o)
                0x000000000800b934                __log10Pow5
 .text.__pow5bits
                0x000000000800b940       0x10 c:\users\walid\zephyr-sdk-0.16.8\arm-zephyr-eabi\bin\../lib/gcc/../../picolibc/arm-zephyr-eabi/lib/thumb/v7e-m/nofp\libc.a(libc_tinystdio_ryu_pow5bits.c.o)
                0x000000000800b940                __pow5bits
 .text.__pow5Factor
                0x000000000800b950       0x30 c:\users\walid\zephyr-sdk-0.16.8\arm-zephyr-eabi\bin\../lib/gcc/../../picolibc/arm-zephyr-eabi/lib/thumb/v7e-m/nofp\libc.a(libc_tinystdio_ryu_table.c.o)
                0x000000000800b950                __pow5Factor
 .text.__double_computePow5
                0x000000000800b980       0xe8 c:\users\walid\zephyr-sdk-0.16.8\arm-zephyr-eabi\bin\../lib/gcc/../../picolibc/arm-zephyr-eabi/lib/thumb/v7e-m/nofp\libc.a(libc_tinystdio_ryu_table.c.o)
                0x000000000800b980                __double_computePow5
 .text.__double_computeInvPow5
                0x000000000800ba68       0xf8 c:\users\walid\zephyr-sdk-0.16.8\arm-zephyr-eabi\bin\../lib/gcc/../../picolibc/arm-zephyr-eabi/lib/thumb/v7e-m/nofp\libc.a(libc_tinystdio_ryu_table.c.o)
                0x000000000800ba68                __double_computeInvPow5
 .text._OffsetAbsSyms
                0x000000000800bb60        0x2 zephyr/CMakeFiles/offsets.dir/./arch/arm/core/offsets/offsets.c.obj
                0x000000000800bb60                _OffsetAbsSyms
 .text.sensor_attr_set.constprop.0
                0x000000000800bb62       0x1c app/libapp.a(accelerometer.c.obj)
 .text.hid_set_report
                0x000000000800bb7e        0xc app/libapp.a(usb_dev.c.obj)
 .text.chunk_size
                0x000000000800bb8a        0xa zephyr/libzephyr.a(heap.c.obj)
 .text.free_list_add
                0x000000000800bb94       0x4e zephyr/libzephyr.a(heap.c.obj)
 .text.free_list_remove_bidx
                0x000000000800bbe2       0x3a zephyr/libzephyr.a(heap.c.obj)
 .text.free_list_remove
                0x000000000800bc1c       0x1a zephyr/libzephyr.a(heap.c.obj)
 .text.alloc_chunk
                0x000000000800bc36       0x6e zephyr/libzephyr.a(heap.c.obj)
 .text.merge_chunks
                0x000000000800bca4       0x2c zephyr/libzephyr.a(heap.c.obj)
 .text.split_chunks
                0x000000000800bcd0       0x34 zephyr/libzephyr.a(heap.c.obj)
 .text.free_chunk
                0x000000000800bd04       0x62 zephyr/libzephyr.a(heap.c.obj)
 .text.sys_heap_free
                0x000000000800bd66       0x1e zephyr/libzephyr.a(heap.c.obj)
                0x000000000800bd66                sys_heap_free
 .text.sys_heap_alloc
                0x000000000800bd84       0x52 zephyr/libzephyr.a(heap.c.obj)
                0x000000000800bd84                sys_heap_alloc
 .text.sys_heap_aligned_alloc
                0x000000000800bdd6       0xd0 zephyr/libzephyr.a(heap.c.obj)
                0x000000000800bdd6                sys_heap_aligned_alloc
 .text.sys_heap_init
                0x000000000800bea6       0x7a zephyr/libzephyr.a(heap.c.obj)
                0x000000000800bea6                sys_heap_init
 .text.cbpprintf_external
                0x000000000800bf20       0x62 zephyr/libzephyr.a(cbprintf_packaged.c.obj)
                0x000000000800bf20                cbpprintf_external
 .text.is_ptr   0x000000000800bf82       0x4a zephyr/libzephyr.a(cbprintf_packaged.c.obj)
                0x000000000800bf82                is_ptr
 .text.arch_printk_char_out
                0x000000000800bfcc        0x4 zephyr/libzephyr.a(printk.c.obj)
                0x000000000800bfcc                arch_printk_char_out
 .text.printk   0x000000000800bfd0       0x1a zephyr/libzephyr.a(printk.c.obj)
                0x000000000800bfd0                printk
 .text.free_space
                0x000000000800bfea       0x26 zephyr/libzephyr.a(mpsc_pbuf.c.obj)
 .text.get_usage
                0x000000000800c010       0x22 zephyr/libzephyr.a(mpsc_pbuf.c.obj)
 .text.idx_inc  0x000000000800c032       0x1c zephyr/libzephyr.a(mpsc_pbuf.c.obj)
 .text.rd_idx_inc
                0x000000000800c04e       0x18 zephyr/libzephyr.a(mpsc_pbuf.c.obj)
 .text.add_skip_item
                0x000000000800c066       0x3a zephyr/libzephyr.a(mpsc_pbuf.c.obj)
 .text.drop_item_locked
                0x000000000800c0a0      0x100 zephyr/libzephyr.a(mpsc_pbuf.c.obj)
 .text.post_drop_action
                0x000000000800c1a0       0x36 zephyr/libzephyr.a(mpsc_pbuf.c.obj)
 .text.max_utilization_update
                0x000000000800c1d6       0x1a zephyr/libzephyr.a(mpsc_pbuf.c.obj)
 .text.mpsc_pbuf_init
                0x000000000800c1f0       0x42 zephyr/libzephyr.a(mpsc_pbuf.c.obj)
                0x000000000800c1f0                mpsc_pbuf_init
 .text.mpsc_pbuf_alloc
                0x000000000800c232       0xfe zephyr/libzephyr.a(mpsc_pbuf.c.obj)
                0x000000000800c232                mpsc_pbuf_alloc
 .text.mpsc_pbuf_commit
                0x000000000800c330       0x3e zephyr/libzephyr.a(mpsc_pbuf.c.obj)
                0x000000000800c330                mpsc_pbuf_commit
 .text.mpsc_pbuf_claim
                0x000000000800c36e       0xa8 zephyr/libzephyr.a(mpsc_pbuf.c.obj)
                0x000000000800c36e                mpsc_pbuf_claim
 .text.mpsc_pbuf_free
                0x000000000800c416       0x76 zephyr/libzephyr.a(mpsc_pbuf.c.obj)
                0x000000000800c416                mpsc_pbuf_free
 .text.mpsc_pbuf_is_pending
                0x000000000800c48c       0x32 zephyr/libzephyr.a(mpsc_pbuf.c.obj)
                0x000000000800c48c                mpsc_pbuf_is_pending
 .text._ConfigAbsSyms
                0x000000000800c4be        0x2 zephyr/libzephyr.a(configs.c.obj)
                0x000000000800c4be                _ConfigAbsSyms
 .text.log_msg_generic_get_wlen
                0x000000000800c4c0       0x20 zephyr/libzephyr.a(log_core.c.obj)
 .text.dummy_timestamp
                0x000000000800c4e0        0x4 zephyr/libzephyr.a(log_core.c.obj)
 .text.atomic_inc
                0x000000000800c4e4       0x1a zephyr/libzephyr.a(log_core.c.obj)
 .text.default_lf_get_timestamp
                0x000000000800c4fe       0x10 zephyr/libzephyr.a(log_core.c.obj)
 .text.z_log_vprintk
                0x000000000800c50e       0x1c zephyr/libzephyr.a(log_core.c.obj)
                0x000000000800c50e                z_log_vprintk
 .text.z_log_notify_drop
                0x000000000800c52a        0x6 zephyr/libzephyr.a(log_core.c.obj)
 .text.z_log_get_tag
                0x000000000800c530        0x4 zephyr/libzephyr.a(log_core.c.obj)
                0x000000000800c530                z_log_get_tag
 .text.z_cbprintf_cpy
                0x000000000800c534       0x2c zephyr/libzephyr.a(log_msg.c.obj)
 .text.z_log_msg_finalize
                0x000000000800c560       0x32 zephyr/libzephyr.a(log_msg.c.obj)
                0x000000000800c560                z_log_msg_finalize
 .text.z_log_msg_simple_create
                0x000000000800c592       0x6e zephyr/libzephyr.a(log_msg.c.obj)
 .text.z_impl_z_log_msg_simple_create_0
                0x000000000800c600       0x12 zephyr/libzephyr.a(log_msg.c.obj)
                0x000000000800c600                z_impl_z_log_msg_simple_create_0
 .text.z_impl_z_log_msg_simple_create_1
                0x000000000800c612       0x14 zephyr/libzephyr.a(log_msg.c.obj)
                0x000000000800c612                z_impl_z_log_msg_simple_create_1
 .text.z_impl_z_log_msg_simple_create_2
                0x000000000800c626       0x18 zephyr/libzephyr.a(log_msg.c.obj)
                0x000000000800c626                z_impl_z_log_msg_simple_create_2
 .text.log_output_write
                0x000000000800c63e       0x1c zephyr/libzephyr.a(log_output.c.obj)
 .text.log_output_flush
                0x000000000800c65a       0x1a zephyr/libzephyr.a(log_output.c.obj)
 .text.out_func
                0x000000000800c674       0x36 zephyr/libzephyr.a(log_output.c.obj)
 .text.cr_out_func
                0x000000000800c6aa       0x1c zephyr/libzephyr.a(log_output.c.obj)
 .text.log_output_msg_process
                0x000000000800c6c6       0x6a zephyr/libzephyr.a(log_output.c.obj)
                0x000000000800c6c6                log_output_msg_process
 .text.format_set
                0x000000000800c730        0xc zephyr/libzephyr.a(log_backend_uart.c.obj)
 .text.log_backend_uart_init
                0x000000000800c73c        0xc zephyr/libzephyr.a(log_backend_uart.c.obj)
 .text.panic    0x000000000800c748       0x32 zephyr/libzephyr.a(log_backend_uart.c.obj)
 .text.dropped  0x000000000800c77a        0xa zephyr/libzephyr.a(log_backend_uart.c.obj)
 .text.process  0x000000000800c784       0x1e zephyr/libzephyr.a(log_backend_uart.c.obj)
 .text.z_do_kernel_oops
                0x000000000800c7a2        0x8 zephyr/arch/arch/arm/core/libarch__arm__core.a(fatal.c.obj)
                0x000000000800c7a2                z_do_kernel_oops
 .text.z_log_msg_simple_create_0.constprop.0
                0x000000000800c7aa        0x8 zephyr/arch/arch/arm/core/cortex_m/libarch__arm__core__cortex_m.a(fault.c.obj)
 .text.z_irq_spurious
                0x000000000800c7b2        0x8 zephyr/arch/arch/arm/core/cortex_m/libarch__arm__core__cortex_m.a(irq_manage.c.obj)
                0x000000000800c7b2                z_irq_spurious
 .text.arch_irq_unlock_outlined
                0x000000000800c7ba        0xe zephyr/arch/arch/arm/core/cortex_m/libarch__arm__core__cortex_m.a(thread.c.obj)
                0x000000000800c7ba                arch_irq_unlock_outlined
 .text.arch_cpu_idle
                0x000000000800c7c8       0x1a zephyr/arch/arch/arm/core/cortex_m/libarch__arm__core__cortex_m.a(cpu_idle.c.obj)
                0x000000000800c7c8                arch_cpu_idle
 .text.size_to_mpu_rasr_size
                0x000000000800c7e2       0x20 zephyr/arch/arch/arm/core/mpu/libarch__arm__core__mpu.a(arm_mpu.c.obj)
 .text.cbputc   0x000000000800c802        0xc zephyr/lib/libc/picolibc/liblib__libc__picolibc.a(cbprintf.c.obj)
 .text.picolibc_put
                0x000000000800c80e        0xa zephyr/lib/libc/picolibc/liblib__libc__picolibc.a(stdio.c.obj)
 .text.fixed_data_unref
                0x000000000800c818        0x2 zephyr/lib/net_buf/liblib__net_buf.a(buf.c.obj)
 .text.net_buf_alloc_fixed
                0x000000000800c81a        0x8 zephyr/lib/net_buf/liblib__net_buf.a(buf.c.obj)
                0x000000000800c81a                net_buf_alloc_fixed
 .text.net_buf_alloc_with_data
                0x000000000800c822       0x26 zephyr/lib/net_buf/liblib__net_buf.a(buf.c.obj)
                0x000000000800c822                net_buf_alloc_with_data
 .text.net_buf_frag_insert
                0x000000000800c848       0x16 zephyr/lib/net_buf/liblib__net_buf.a(buf.c.obj)
                0x000000000800c848                net_buf_frag_insert
 .text.net_buf_frag_add
                0x000000000800c85e       0x22 zephyr/lib/net_buf/liblib__net_buf.a(buf.c.obj)
                0x000000000800c85e                net_buf_frag_add
 .text.net_buf_frag_del
                0x000000000800c880       0x18 zephyr/lib/net_buf/liblib__net_buf.a(buf.c.obj)
                0x000000000800c880                net_buf_frag_del
 .text.net_buf_simple_init_with_data
                0x000000000800c898        0xc zephyr/lib/net_buf/liblib__net_buf.a(buf_simple.c.obj)
                0x000000000800c898                net_buf_simple_init_with_data
 .text.net_buf_simple_add
                0x000000000800c8a4        0xc zephyr/lib/net_buf/liblib__net_buf.a(buf_simple.c.obj)
                0x000000000800c8a4                net_buf_simple_add
 .text.net_buf_simple_add_mem
                0x000000000800c8b0       0x12 zephyr/lib/net_buf/liblib__net_buf.a(buf_simple.c.obj)
                0x000000000800c8b0                net_buf_simple_add_mem
 .text.net_buf_simple_add_u8
                0x000000000800c8c2       0x10 zephyr/lib/net_buf/liblib__net_buf.a(buf_simple.c.obj)
                0x000000000800c8c2                net_buf_simple_add_u8
 .text.net_buf_simple_add_le16
                0x000000000800c8d2       0x14 zephyr/lib/net_buf/liblib__net_buf.a(buf_simple.c.obj)
                0x000000000800c8d2                net_buf_simple_add_le16
 .text.net_buf_simple_remove_mem
                0x000000000800c8e6        0xe zephyr/lib/net_buf/liblib__net_buf.a(buf_simple.c.obj)
                0x000000000800c8e6                net_buf_simple_remove_mem
 .text.net_buf_simple_tailroom
                0x000000000800c8f4       0x10 zephyr/lib/net_buf/liblib__net_buf.a(buf_simple.c.obj)
                0x000000000800c8f4                net_buf_simple_tailroom
 .text.z_log_msg_simple_create_0
                0x000000000800c904        0x4 zephyr/subsys/usb/device_next/libsubsys__usb__device_next.a(usbd_device.c.obj)
 .text.usbd_device_lock
                0x000000000800c908        0xe zephyr/subsys/usb/device_next/libsubsys__usb__device_next.a(usbd_device.c.obj)
 .text.k_mutex_unlock.isra.0
                0x000000000800c916        0x4 zephyr/subsys/usb/device_next/libsubsys__usb__device_next.a(usbd_device.c.obj)
 .text.usbd_bus_speed
                0x000000000800c91a        0xa zephyr/subsys/usb/device_next/libsubsys__usb__device_next.a(usbd_device.c.obj)
                0x000000000800c91a                usbd_bus_speed
 .text.usbd_caps_speed
                0x000000000800c924        0xe zephyr/subsys/usb/device_next/libsubsys__usb__device_next.a(usbd_device.c.obj)
                0x000000000800c924                usbd_caps_speed
 .text.usbd_device_set_code_triple
                0x000000000800c932       0x46 zephyr/subsys/usb/device_next/libsubsys__usb__device_next.a(usbd_device.c.obj)
                0x000000000800c932                usbd_device_set_code_triple
 .text.usbd_is_suspended
                0x000000000800c978        0xa zephyr/subsys/usb/device_next/libsubsys__usb__device_next.a(usbd_device.c.obj)
                0x000000000800c978                usbd_is_suspended
 .text.usbd_can_detect_vbus
                0x000000000800c982        0xe zephyr/subsys/usb/device_next/libsubsys__usb__device_next.a(usbd_device.c.obj)
                0x000000000800c982                usbd_can_detect_vbus
 .text.usbd_device_get_vreq
                0x000000000800c990       0x28 zephyr/subsys/usb/device_next/libsubsys__usb__device_next.a(usbd_device.c.obj)
                0x000000000800c990                usbd_device_get_vreq
 .text.usbd_device_register_vreq
                0x000000000800c9b8       0x56 zephyr/subsys/usb/device_next/libsubsys__usb__device_next.a(usbd_device.c.obj)
                0x000000000800c9b8                usbd_device_register_vreq
 .text.usbd_get_descriptor
                0x000000000800ca0e       0x34 zephyr/subsys/usb/device_next/libsubsys__usb__device_next.a(usbd_desc.c.obj)
                0x000000000800ca0e                usbd_get_descriptor
 .text.usbd_add_descriptor
                0x000000000800ca42      0x116 zephyr/subsys/usb/device_next/libsubsys__usb__device_next.a(usbd_desc.c.obj)
                0x000000000800ca42                usbd_add_descriptor
 .text.usbd_str_desc_get_idx
                0x000000000800cb58        0xa zephyr/subsys/usb/device_next/libsubsys__usb__device_next.a(usbd_desc.c.obj)
                0x000000000800cb58                usbd_str_desc_get_idx
 .text.sreq_feature_halt_notify
                0x000000000800cb62       0x20 zephyr/subsys/usb/device_next/libsubsys__usb__device_next.a(usbd_ch9.c.obj)
 .text.z_log_msg_simple_create_0
                0x000000000800cb82        0x4 zephyr/subsys/usb/device_next/libsubsys__usb__device_next.a(usbd_ch9.c.obj)
 .text.reqtype_is_to_device.isra.0
                0x000000000800cb86        0xe zephyr/subsys/usb/device_next/libsubsys__usb__device_next.a(usbd_ch9.c.obj)
 .text.udc_test_mode
                0x000000000800cb94       0x46 zephyr/subsys/usb/device_next/libsubsys__usb__device_next.a(usbd_ch9.c.obj)
 .text.udc_set_address
                0x000000000800cbda       0x38 zephyr/subsys/usb/device_next/libsubsys__usb__device_next.a(usbd_ch9.c.obj)
 .text.usbd_init_control_pipe
                0x000000000800cc12        0xc zephyr/subsys/usb/device_next/libsubsys__usb__device_next.a(usbd_ch9.c.obj)
                0x000000000800cc12                usbd_init_control_pipe
 .text.usbd_ep_bm_is_set.isra.0
                0x000000000800cc1e       0x12 zephyr/subsys/usb/device_next/libsubsys__usb__device_next.a(usbd_init.c.obj)
 .text.z_log_msg_simple_create_0
                0x000000000800cc30        0x4 zephyr/subsys/usb/device_next/libsubsys__usb__device_next.a(usbd_config.c.obj)
 .text.usbd_device_lock
                0x000000000800cc34        0xe zephyr/subsys/usb/device_next/libsubsys__usb__device_next.a(usbd_config.c.obj)
 .text.k_mutex_unlock.isra.0
                0x000000000800cc42        0x4 zephyr/subsys/usb/device_next/libsubsys__usb__device_next.a(usbd_config.c.obj)
 .text.usbd_config_get
                0x000000000800cc46       0x28 zephyr/subsys/usb/device_next/libsubsys__usb__device_next.a(usbd_config.c.obj)
                0x000000000800cc46                usbd_config_get
 .text.usbd_config_get_current
                0x000000000800cc6e       0x28 zephyr/subsys/usb/device_next/libsubsys__usb__device_next.a(usbd_config.c.obj)
                0x000000000800cc6e                usbd_config_get_current
 .text.usbd_config_exist
                0x000000000800cc96        0xe zephyr/subsys/usb/device_next/libsubsys__usb__device_next.a(usbd_config.c.obj)
                0x000000000800cc96                usbd_config_exist
 .text.usbd_device_lock
                0x000000000800cca4        0xe zephyr/subsys/usb/device_next/libsubsys__usb__device_next.a(usbd_class.c.obj)
 .text.usbd_class_desc_len
                0x000000000800ccb2       0x20 zephyr/subsys/usb/device_next/libsubsys__usb__device_next.a(usbd_class.c.obj)
                0x000000000800ccb2                usbd_class_desc_len
 .text.usbd_class_get_by_config
                0x000000000800ccd2       0x20 zephyr/subsys/usb/device_next/libsubsys__usb__device_next.a(usbd_class.c.obj)
                0x000000000800ccd2                usbd_class_get_by_config
 .text.usbd_class_get_by_iface
                0x000000000800ccf2       0x20 zephyr/subsys/usb/device_next/libsubsys__usb__device_next.a(usbd_class.c.obj)
                0x000000000800ccf2                usbd_class_get_by_iface
 .text.usbd_class_handle_xfer
                0x000000000800cd12       0x12 zephyr/subsys/usb/device_next/libsubsys__usb__device_next.a(usbd_class.c.obj)
                0x000000000800cd12                usbd_class_handle_xfer
 .text.usbd_class_get_by_req
                0x000000000800cd24       0x2e zephyr/subsys/usb/device_next/libsubsys__usb__device_next.a(usbd_class.c.obj)
                0x000000000800cd24                usbd_class_get_by_req
 .text.usbd_interface_shutdown
                0x000000000800cd52       0x54 zephyr/subsys/usb/device_next/libsubsys__usb__device_next.a(usbd_interface.c.obj)
                0x000000000800cd52                usbd_interface_shutdown
 .text.usbd_interface_default
                0x000000000800cda6       0x50 zephyr/subsys/usb/device_next/libsubsys__usb__device_next.a(usbd_interface.c.obj)
                0x000000000800cda6                usbd_interface_default
 .text.usbd_ep_bm_clear
                0x000000000800cdf6       0x1e zephyr/subsys/usb/device_next/libsubsys__usb__device_next.a(usbd_endpoint.c.obj)
 .text.usbd_ep_enable
                0x000000000800ce14       0x38 zephyr/subsys/usb/device_next/libsubsys__usb__device_next.a(usbd_endpoint.c.obj)
                0x000000000800ce14                usbd_ep_enable
 .text.usbd_ep_disable
                0x000000000800ce4c       0x2c zephyr/subsys/usb/device_next/libsubsys__usb__device_next.a(usbd_endpoint.c.obj)
                0x000000000800ce4c                usbd_ep_disable
 .text.usbd_ep_enqueue
                0x000000000800ce78       0x30 zephyr/subsys/usb/device_next/libsubsys__usb__device_next.a(usbd_endpoint.c.obj)
                0x000000000800ce78                usbd_ep_enqueue
 .text.usbd_ep_buf_free
                0x000000000800cea8        0x6 zephyr/subsys/usb/device_next/libsubsys__usb__device_next.a(usbd_endpoint.c.obj)
                0x000000000800cea8                usbd_ep_buf_free
 .text.usbd_ep_dequeue
                0x000000000800ceae        0x6 zephyr/subsys/usb/device_next/libsubsys__usb__device_next.a(usbd_endpoint.c.obj)
                0x000000000800ceae                usbd_ep_dequeue
 .text.usbd_ep_is_halted
                0x000000000800ceb4       0x16 zephyr/subsys/usb/device_next/libsubsys__usb__device_next.a(usbd_endpoint.c.obj)
                0x000000000800ceb4                usbd_ep_is_halted
 .text.usbd_msg_register_cb
                0x000000000800ceca       0x2c zephyr/subsys/usb/device_next/libsubsys__usb__device_next.a(usbd_msg.c.obj)
                0x000000000800ceca                usbd_msg_register_cb
 .text.usbd_msg_pub_simple
                0x000000000800cef6       0x1c zephyr/subsys/usb/device_next/libsubsys__usb__device_next.a(usbd_msg.c.obj)
                0x000000000800cef6                usbd_msg_pub_simple
 .text.usbd_hid_sof
                0x000000000800cf12        0xe zephyr/subsys/usb/device_next/libsubsys__usb__device_next.a(usbd_hid.c.obj)
 .text.usbd_hid_suspended
                0x000000000800cf20        0x2 zephyr/subsys/usb/device_next/libsubsys__usb__device_next.a(usbd_hid.c.obj)
 .text.usbd_hid_get_desc
                0x000000000800cf22       0x10 zephyr/subsys/usb/device_next/libsubsys__usb__device_next.a(usbd_hid.c.obj)
 .text.usbd_hid_init
                0x000000000800cf32        0x4 zephyr/subsys/usb/device_next/libsubsys__usb__device_next.a(usbd_hid.c.obj)
 .text.usbd_hid_disable
                0x000000000800cf36       0x2a zephyr/subsys/usb/device_next/libsubsys__usb__device_next.a(usbd_hid.c.obj)
 .text.usbd_hid_enable
                0x000000000800cf60       0x48 zephyr/subsys/usb/device_next/libsubsys__usb__device_next.a(usbd_hid.c.obj)
 .text.usbd_hid_shutdown
                0x000000000800cfa8        0x2 zephyr/subsys/usb/device_next/libsubsys__usb__device_next.a(usbd_hid.c.obj)
 .text.usbd_hid_resumed
                0x000000000800cfaa        0x2 zephyr/subsys/usb/device_next/libsubsys__usb__device_next.a(usbd_hid.c.obj)
 .text.usbd_hid_request
                0x000000000800cfac       0x6a zephyr/subsys/usb/device_next/libsubsys__usb__device_next.a(usbd_hid.c.obj)
 .text.hid_device_submit_report
                0x000000000800d016        0x6 zephyr/subsys/usb/device_next/libsubsys__usb__device_next.a(usbd_hid_api.c.obj)
                0x000000000800d016                hid_device_submit_report
 .text.hid_device_register
                0x000000000800d01c        0xc zephyr/subsys/usb/device_next/libsubsys__usb__device_next.a(usbd_hid_api.c.obj)
                0x000000000800d01c                hid_device_register
 .text.stm32_gpio_intc_get_pin_irq_line
                0x000000000800d028        0x6 zephyr/drivers/interrupt_controller/libdrivers__interrupt_controller.a(intc_exti_stm32.c.obj)
                0x000000000800d028                stm32_gpio_intc_get_pin_irq_line
 .text.stm32_exti_set_line_src_port
                0x000000000800d02e       0x38 zephyr/drivers/interrupt_controller/libdrivers__interrupt_controller.a(intc_exti_stm32.c.obj)
                0x000000000800d02e                stm32_exti_set_line_src_port
 .text.udc_pool_data_unref
                0x000000000800d066       0x18 zephyr/drivers/usb/udc/libdrivers__usb__udc.a(udc_common.c.obj)
 .text.udc_pool_data_alloc
                0x000000000800d07e       0x2e zephyr/drivers/usb/udc/libdrivers__usb__udc.a(udc_common.c.obj)
 .text.udc_buf_destroy
                0x000000000800d0ac       0x30 zephyr/drivers/usb/udc/libdrivers__usb__udc.a(udc_common.c.obj)
 .text.ep_check_config.constprop.0
                0x000000000800d0dc       0x68 zephyr/drivers/usb/udc/libdrivers__usb__udc.a(udc_common.c.obj)
 .text.udc_is_initialized.isra.0
                0x000000000800d144       0x12 zephyr/drivers/usb/udc/libdrivers__usb__udc.a(udc_common.c.obj)
 .text.udc_is_enabled.isra.0
                0x000000000800d156       0x12 zephyr/drivers/usb/udc/libdrivers__usb__udc.a(udc_common.c.obj)
 .text.udc_get_ep_cfg
                0x000000000800d168       0x12 zephyr/drivers/usb/udc/libdrivers__usb__udc.a(udc_common.c.obj)
                0x000000000800d168                udc_get_ep_cfg
 .text.udc_ep_is_busy
                0x000000000800d17a        0xe zephyr/drivers/usb/udc/libdrivers__usb__udc.a(udc_common.c.obj)
                0x000000000800d17a                udc_ep_is_busy
 .text.udc_ep_set_busy
                0x000000000800d188       0x12 zephyr/drivers/usb/udc/libdrivers__usb__udc.a(udc_common.c.obj)
                0x000000000800d188                udc_ep_set_busy
 .text.udc_register_ep
                0x000000000800d19a       0x2c zephyr/drivers/usb/udc/libdrivers__usb__udc.a(udc_common.c.obj)
                0x000000000800d19a                udc_register_ep
 .text.udc_buf_get
                0x000000000800d1c6       0x16 zephyr/drivers/usb/udc/libdrivers__usb__udc.a(udc_common.c.obj)
                0x000000000800d1c6                udc_buf_get
 .text.udc_buf_get_all
                0x000000000800d1dc       0x3a zephyr/drivers/usb/udc/libdrivers__usb__udc.a(udc_common.c.obj)
                0x000000000800d1dc                udc_buf_get_all
 .text.udc_buf_peek
                0x000000000800d216       0x12 zephyr/drivers/usb/udc/libdrivers__usb__udc.a(udc_common.c.obj)
                0x000000000800d216                udc_buf_peek
 .text.udc_buf_put
                0x000000000800d228        0x4 zephyr/drivers/usb/udc/libdrivers__usb__udc.a(udc_common.c.obj)
                0x000000000800d228                udc_buf_put
 .text.udc_ep_buf_set_setup
                0x000000000800d22c        0xe zephyr/drivers/usb/udc/libdrivers__usb__udc.a(udc_common.c.obj)
                0x000000000800d22c                udc_ep_buf_set_setup
 .text.udc_ep_buf_has_zlp
                0x000000000800d23a        0x8 zephyr/drivers/usb/udc/libdrivers__usb__udc.a(udc_common.c.obj)
                0x000000000800d23a                udc_ep_buf_has_zlp
 .text.udc_ep_buf_clear_zlp
                0x000000000800d242        0xa zephyr/drivers/usb/udc/libdrivers__usb__udc.a(udc_common.c.obj)
                0x000000000800d242                udc_ep_buf_clear_zlp
 .text.udc_submit_event
                0x000000000800d24c       0x18 zephyr/drivers/usb/udc/libdrivers__usb__udc.a(udc_common.c.obj)
                0x000000000800d24c                udc_submit_event
 .text.udc_submit_ep_event
                0x000000000800d264       0x30 zephyr/drivers/usb/udc/libdrivers__usb__udc.a(udc_common.c.obj)
                0x000000000800d264                udc_submit_ep_event
 .text.udc_ep_try_config
                0x000000000800d294       0x8a zephyr/drivers/usb/udc/libdrivers__usb__udc.a(udc_common.c.obj)
                0x000000000800d294                udc_ep_try_config
 .text.udc_ep_enable
                0x000000000800d31e       0x52 zephyr/drivers/usb/udc/libdrivers__usb__udc.a(udc_common.c.obj)
                0x000000000800d31e                udc_ep_enable
 .text.udc_ep_disable
                0x000000000800d370       0x38 zephyr/drivers/usb/udc/libdrivers__usb__udc.a(udc_common.c.obj)
                0x000000000800d370                udc_ep_disable
 .text.udc_ep_set_halt
                0x000000000800d3a8       0x54 zephyr/drivers/usb/udc/libdrivers__usb__udc.a(udc_common.c.obj)
                0x000000000800d3a8                udc_ep_set_halt
 .text.udc_ep_clear_halt
                0x000000000800d3fc       0x60 zephyr/drivers/usb/udc/libdrivers__usb__udc.a(udc_common.c.obj)
                0x000000000800d3fc                udc_ep_clear_halt
 .text.udc_ep_enqueue
                0x000000000800d45c       0x50 zephyr/drivers/usb/udc/libdrivers__usb__udc.a(udc_common.c.obj)
                0x000000000800d45c                udc_ep_enqueue
 .text.udc_ctrl_alloc
                0x000000000800d4ac        0x4 zephyr/drivers/usb/udc/libdrivers__usb__udc.a(udc_common.c.obj)
                0x000000000800d4ac                udc_ctrl_alloc
 .text.udc_ep_buf_free
                0x000000000800d4b0       0x1c zephyr/drivers/usb/udc/libdrivers__usb__udc.a(udc_common.c.obj)
                0x000000000800d4b0                udc_ep_buf_free
 .text.udc_device_speed
                0x000000000800d4cc       0x2c zephyr/drivers/usb/udc/libdrivers__usb__udc.a(udc_common.c.obj)
                0x000000000800d4cc                udc_device_speed
 .text.udc_enable
                0x000000000800d4f8       0x5a zephyr/drivers/usb/udc/libdrivers__usb__udc.a(udc_common.c.obj)
                0x000000000800d4f8                udc_enable
 .text.udc_disable
                0x000000000800d552       0x48 zephyr/drivers/usb/udc/libdrivers__usb__udc.a(udc_common.c.obj)
                0x000000000800d552                udc_disable
 .text.udc_init
                0x000000000800d59a       0x66 zephyr/drivers/usb/udc/libdrivers__usb__udc.a(udc_common.c.obj)
                0x000000000800d59a                udc_init
 .text.udc_shutdown
                0x000000000800d600       0x56 zephyr/drivers/usb/udc/libdrivers__usb__udc.a(udc_common.c.obj)
                0x000000000800d600                udc_shutdown
 .text.udc_ctrl_submit_s_out_status
                0x000000000800d656       0x4c zephyr/drivers/usb/udc/libdrivers__usb__udc.a(udc_common.c.obj)
                0x000000000800d656                udc_ctrl_submit_s_out_status
 .text.udc_ctrl_submit_s_in_status